<html>
<body>
<pre>
<h1>µVision Build Log</h1>
<h2>Tool Versions:</h2>
IDE-Version: ¦ÌVision V5.43.1.0
Copyright (C) 2025 ARM Ltd and ARM Germany GmbH. All rights reserved.
License Information: A 3224002570@mail2.gdut.edu.cn, A, LIC=X96CK-ZRI7I-2Z4W4-F037K-LH2EH-2388R
 
Tool Versions:
Toolchain:       MDK-ARM Plus  Version: 5.43.0.0
Toolchain Path:  D:\xinjiankeil2\ARM\ARMCLANG\Bin
C Compiler:      ArmClang.exe V6.24
Assembler:       Armasm.exe V6.24
Linker/Locator:  ArmLink.exe V6.24
Library Manager: ArmAr.exe V6.24
Hex Converter:   FromElf.exe V6.24
CPU DLL:         SARMCM3.DLL V5.43.0.0
Dialog DLL:      DCM.DLL V1.17.5.0
Target DLL:      CMSIS_AGDI.dll V1.33.24.0
Dialog DLL:      TCM.DLL V1.56.6.0
 
<h2>Project:</h2>
D:\last\RC10_LIB-FrameWork-main\MDK-ARM\Frame_T.uvprojx
Project File Date:  10/21/2025

<h2>Output:</h2>
*** Using Compiler 'V6.24', folder: 'D:\xinjiankeil2\ARM\ARMCLANG\Bin'
Rebuild target 'Frame_T'
compiling usart.c...
assembling startup_stm32h723xx.s...
compiling freertos.c...
compiling stm32h7xx_it.c...
compiling dma.c...
compiling stm32h7xx_hal_msp.c...
compiling stm32h7xx_hal_timebase_tim.c...
compiling stm32h7xx_hal_pcd_ex.c...
compiling gpio.c...
compiling fdcan.c...
compiling tim.c...
compiling stm32h7xx_hal_pcd.c...
compiling stm32h7xx_hal_tim_ex.c...
compiling main.cpp...
compiling stm32h7xx_hal_flash.c...
compiling stm32h7xx_hal_rcc.c...
compiling stm32h7xx_hal_gpio.c...
compiling stm32h7xx_hal_hsem.c...
compiling stm32h7xx_ll_usb.c...
compiling stm32h7xx_hal_flash_ex.c...
compiling stm32h7xx_hal_pwr.c...
compiling stm32h7xx_hal_tim.c...
compiling stm32h7xx_hal_rcc_ex.c...
compiling stm32h7xx_hal_dma_ex.c...
compiling stm32h7xx_hal_pwr_ex.c...
compiling stm32h7xx_hal_mdma.c...
compiling stm32h7xx_hal_cortex.c...
compiling stm32h7xx_hal.c...
compiling stm32h7xx_hal_dma.c...
compiling croutine.c...
compiling stm32h7xx_hal_exti.c...
compiling stm32h7xx_hal_i2c_ex.c...
compiling list.c...
compiling system_stm32h7xx.c...
compiling event_groups.c...
compiling stm32h7xx_hal_uart_ex.c...
compiling stream_buffer.c...
compiling timers.c...
compiling queue.c...
compiling port.c...
compiling heap_4.c...
compiling stm32h7xx_hal_uart.c...
compiling tasks.c...
compiling stm32h7xx_hal_fdcan.c...
compiling cmsis_os2.c...
compiling BSP_TimeStamp.cpp...
compiling stm32h7xx_hal_i2c.c...
compiling Motor_VESC.cpp...
compiling BSP_fdCAN_Driver.cpp...
compiling frame_demo.cpp...
compiling Motor_DJI.cpp...
compiling Module_Encoder.cpp...
compiling APP_PID.cpp...
compiling arm_demo.cpp...
compiling APP_CoordConvert.cpp...
compiling APP_tool.cpp...
compiling Robot_Arm.cpp...
compiling Onim_demo.cpp...
compiling Setup_ConfigInit.cpp...
compiling usbd_cdc_if.c...
compiling usb_device.c...
compiling Module_Air_joy.cpp...
compiling usbd_desc.c...
compiling usbd_conf.c...
compiling Module_ChassisBase.cpp...
compiling Module_ChassisOmni.cpp...
compiling usbd_ioreq.c...
compiling usbd_core.c...
compiling usbd_cdc.c...
compiling usbd_ctlreq.c...
linking...
Program Size: Code=57428 RO-data=3596 RW-data=340 ZI-data=32036  
FromELF: creating hex file...
"Frame_T\Frame_T.axf" - 0 Error(s), 0 Warning(s).

<h2>Software Packages used:</h2>

Package Vendor: ARM
                https://www.keil.com/pack/ARM.CMSIS.6.2.0.pack
                ARM::CMSIS@6.2.0
                CMSIS (Common Microcontroller Software Interface Standard)
   * Component: CORE Version: 6.1.1

Package Vendor: Keil
                https://www.keil.com/pack/Keil.STM32H7xx_DFP.4.1.2.pack
                Keil::STM32H7xx_DFP@4.1.2
                STMicroelectronics STM32H7 Series Device Support

<h2>Collection of Component include folders:</h2>
  ./RTE/_Frame_T
  D:/xinjiankeil2/ARM/PACK/ARM/CMSIS/6.2.0/CMSIS/Core/Include

<h2>Collection of Component Files used:</h2>

   * Component: ARM::CMSIS:CORE@6.1.1
      Include file:  CMSIS/Core/Include/tz_context.h
Build Time Elapsed:  00:00:06
</pre>
</body>
</html>
