*** Using Compiler 'V6.24', folder: 'D:\Keil_v5\ARM\ARMCLANG\Bin'
Build target 'Frame_T'
compiling fdcan.c...
compiling tim.c...
compiling dma.c...
compiling gpio.c...
compiling stm32h7xx_hal_msp.c...
compiling freertos.c...
compiling stm32h7xx_it.c...
compiling usart.c...
compiling APP_tool.cpp...
compiling Module_Encoder.cpp...
compiling APP_CoordConvert.cpp...
compiling Module_ChassisSwerve.cpp...
compiling APP_Path.cpp...
compiling Module_Air_joy.cpp...
compiling Module_ChassisBase.cpp...
compiling Module_GPIO.cpp...
compiling Module_Position.cpp...
compiling Module_LaserPosition.cpp...
compiling Module_ChassisOmni.cpp...
compiling APP_Speedplanner.cpp...
compiling Module_CrsfReceiver.cpp...
compiling BSP_TimeStamp.cpp...
compiling BSP_TimeDwt.cpp...
compiling BSP_fdCAN_Driver.cpp...
compiling BSP_TimeUs64.cpp...
compiling Motor_DM.cpp...
compiling Motor_VESC.cpp...
compiling BSP_USB_UART_Driver.cpp...
compiling Motor_DJI.cpp...
compiling RTOS_QueueSetup.cpp...
compiling Locate_Setup.cpp...
compiling APP_PID.cpp...
compiling APP_Utils.cpp...
compiling Module_HWT.cpp...
compiling usb_device.c...
compiling usbd_desc.c...
compiling usbd_cdc_if.c...
compiling chassis.cpp...
compiling usbd_ioreq.c...
compiling usbd_conf.c...
compiling usbd_core.c...
compiling usbd_ctlreq.c...
compiling usbd_cdc.c...
compiling Robot_Arm.cpp...
compiling main.cpp...
compiling system_dectect_task.cpp...
compiling WeaponSage.cpp...
compiling Arm_Setup.cpp...
compiling FSM_Controller.cpp...
compiling Setup_ConfigInit.cpp...
compiling WeaponSage_Setup.cpp...
compiling omni_chassisSetup.cpp...
compiling AutoCtrler.cpp...
linking...
Program Size: Code=202064 RO-data=11292 RW-data=696 ZI-data=157528  
FromELF: creating hex file...
"Frame_T\Frame_T.axf" - 0 Error(s), 0 Warning(s).
Build Time Elapsed:  00:00:08
