<html>
<body>
<pre>
<h1>礦ision Build Log</h1>
<h2>Tool Versions:</h2>
IDE-Version: μVision V5.43.1.0
Copyright (C) 2025 ARM Ltd and ARM Germany GmbH. All rights reserved.
License Information: A yurt, A, LIC=X96CK-Z42Z0-SB8EJ-U27FK-TM536-6Q9QV
 
Tool Versions:
Toolchain:       MDK-ARM Plus  Version: 5.43.0.0
Toolchain Path:  D:\Keil5\ARM\ARMCLANG\Bin
C Compiler:      ArmClang.exe V6.24
Assembler:       Armasm.exe V6.24
Linker/Locator:  ArmLink.exe V6.24
Library Manager: ArmAr.exe V6.24
Hex Converter:   FromElf.exe V6.24
CPU DLL:         SARMCM3.DLL V5.43.0.0
Dialog DLL:      DCM.DLL V1.17.5.0
Target DLL:      STLink\ST-LINKIII-KEIL_SWO.dll V3.3.1.0
Dialog DLL:      TCM.DLL V1.56.6.0
 
<h2>Project:</h2>
C:\Users\yurt\Desktop\rc26\接收机h7代码\R1\RC10_LIB-FrameWork-main-v3\RC10_LIB-FrameWork-main\MDK-ARM\Frame_T.uvprojx
Project File Date:  06/20/2026

<h2>Output:</h2>
*** Using Compiler 'V6.24', folder: 'D:\Keil5\ARM\ARMCLANG\Bin'
Build target 'Frame_T'
compiling Module_communication.cpp...
compiling Module_lora.cpp...
compiling main.cpp...
compiling FSM_Controller.cpp...
compiling Arm_Setup.cpp...
compiling Setup_ConfigInit.cpp...
linking...
Program Size: Code=245980 RO-data=13800 RW-data=908 ZI-data=147012  
FromELF: creating hex file...
"Frame_T\Frame_T.axf" - 0 Error(s), 0 Warning(s).

<h2>Software Packages used:</h2>

Package Vendor: ARM
                https://www.keil.com/pack/ARM.CMSIS.6.2.0.pack
                ARM::CMSIS@6.2.0
                CMSIS (Common Microcontroller Software Interface Standard)
   * Component: CORE Version: 6.1.1

Package Vendor: Keil
                https://www.keil.com/pack/Keil.STM32H7xx_DFP.4.1.2.pack
                Keil::STM32H7xx_DFP@4.1.2
                STMicroelectronics STM32H7 Series Device Support

<h2>Collection of Component include folders:</h2>
  ./RTE/_Frame_T
  D:/Keil5/ARM/PACK/ARM/CMSIS/6.2.0/CMSIS/Core/Include

<h2>Collection of Component Files used:</h2>

   * Component: ARM::CMSIS:CORE@6.1.1
      Include file:  CMSIS/Core/Include/tz_context.h
Build Time Elapsed:  00:00:03
</pre>
</body>
</html>
