Component: Arm Compiler for Embedded 6.24 Tool: armlink [5f371500]

==============================================================================

Section Cross References

    startup_stm32h723xx.o(STACK) refers (Special) to heapauxi.o(.text) for __use_two_region_memory
    startup_stm32h723xx.o(HEAP) refers (Special) to heapauxi.o(.text) for __use_two_region_memory
    startup_stm32h723xx.o(RESET) refers (Special) to heapauxi.o(.text) for __use_two_region_memory
    startup_stm32h723xx.o(RESET) refers to startup_stm32h723xx.o(STACK) for __initial_sp
    startup_stm32h723xx.o(RESET) refers to startup_stm32h723xx.o(.text) for Reset_Handler
    startup_stm32h723xx.o(RESET) refers to stm32h7xx_it.o(.text.NMI_Handler) for NMI_Handler
    startup_stm32h723xx.o(RESET) refers to stm32h7xx_it.o(.text.HardFault_Handler) for HardFault_Handler
    startup_stm32h723xx.o(RESET) refers to stm32h7xx_it.o(.text.MemManage_Handler) for MemManage_Handler
    startup_stm32h723xx.o(RESET) refers to stm32h7xx_it.o(.text.BusFault_Handler) for BusFault_Handler
    startup_stm32h723xx.o(RESET) refers to stm32h7xx_it.o(.text.UsageFault_Handler) for UsageFault_Handler
    startup_stm32h723xx.o(RESET) refers to port.o(.text.SVC_Handler) for SVC_Handler
    startup_stm32h723xx.o(RESET) refers to stm32h7xx_it.o(.text.DebugMon_Handler) for DebugMon_Handler
    startup_stm32h723xx.o(RESET) refers to port.o(.text.PendSV_Handler) for PendSV_Handler
    startup_stm32h723xx.o(RESET) refers to cmsis_os2.o(.text.SysTick_Handler) for SysTick_Handler
    startup_stm32h723xx.o(RESET) refers to stm32h7xx_it.o(.text.DMA1_Stream0_IRQHandler) for DMA1_Stream0_IRQHandler
    startup_stm32h723xx.o(RESET) refers to stm32h7xx_it.o(.text.FDCAN1_IT0_IRQHandler) for FDCAN1_IT0_IRQHandler
    startup_stm32h723xx.o(RESET) refers to stm32h7xx_it.o(.text.FDCAN2_IT0_IRQHandler) for FDCAN2_IT0_IRQHandler
    startup_stm32h723xx.o(RESET) refers to stm32h7xx_it.o(.text.TIM4_IRQHandler) for TIM4_IRQHandler
    startup_stm32h723xx.o(RESET) refers to stm32h7xx_it.o(.text.USART1_IRQHandler) for USART1_IRQHandler
    startup_stm32h723xx.o(RESET) refers to stm32h7xx_it.o(.text.TIM8_UP_TIM13_IRQHandler) for TIM8_UP_TIM13_IRQHandler
    startup_stm32h723xx.o(RESET) refers to stm32h7xx_it.o(.text.TIM6_DAC_IRQHandler) for TIM6_DAC_IRQHandler
    startup_stm32h723xx.o(RESET) refers to stm32h7xx_it.o(.text.FDCAN3_IT0_IRQHandler) for FDCAN3_IT0_IRQHandler
    startup_stm32h723xx.o(.text) refers (Special) to heapauxi.o(.text) for __use_two_region_memory
    startup_stm32h723xx.o(.text) refers to system_stm32h7xx.o(.text.ExitRun0Mode) for ExitRun0Mode
    startup_stm32h723xx.o(.text) refers to system_stm32h7xx.o(.text.SystemInit) for SystemInit
    startup_stm32h723xx.o(.text) refers to __main.o(!!!main) for __main
    startup_stm32h723xx.o(.text) refers to startup_stm32h723xx.o(HEAP) for Heap_Mem
    startup_stm32h723xx.o(.text) refers to startup_stm32h723xx.o(STACK) for Stack_Mem
    main.o(.text.main) refers to main.o(.text._ZL10MPU_Configv) for MPU_Config()
    main.o(.text.main) refers to stm32h7xx_hal.o(.text.HAL_Init) for HAL_Init
    main.o(.text.main) refers to dma.o(.text.MX_DMA_Init) for MX_DMA_Init
    main.o(.text.main) refers to main.o(.text._Z18SystemClock_Configv) for SystemClock_Config()
    main.o(.text.main) refers to gpio.o(.text.MX_GPIO_Init) for MX_GPIO_Init
    main.o(.text.main) refers to fdcan.o(.text.MX_FDCAN1_Init) for MX_FDCAN1_Init
    main.o(.text.main) refers to fdcan.o(.text.MX_FDCAN2_Init) for MX_FDCAN2_Init
    main.o(.text.main) refers to fdcan.o(.text.MX_FDCAN3_Init) for MX_FDCAN3_Init
    main.o(.text.main) refers to usart.o(.text.MX_USART1_UART_Init) for MX_USART1_UART_Init
    main.o(.text.main) refers to tim.o(.text.MX_TIM6_Init) for MX_TIM6_Init
    main.o(.text.main) refers to tim.o(.text.MX_TIM4_Init) for MX_TIM4_Init
    main.o(.text.main) refers to tim.o(.bss.htim6) for htim6
    main.o(.text.main) refers to stm32h7xx_hal_tim.o(.text.HAL_TIM_Base_Start_IT) for HAL_TIM_Base_Start_IT
    main.o(.text.main) refers to setup_configinit.o(.text.ALL_Setup_ConfigInit) for ALL_Setup_ConfigInit
    main.o(.text.main) refers to cmsis_os2.o(.text.osKernelInitialize) for osKernelInitialize
    main.o(.text.main) refers to freertos.o(.text.MX_FREERTOS_Init) for MX_FREERTOS_Init
    main.o(.text.main) refers to cmsis_os2.o(.text.osKernelStart) for osKernelStart
    main.o(.ARM.exidx.text.main) refers to main.o(.text.main) for [Anonymous Symbol]
    main.o(.text._ZL10MPU_Configv) refers to stm32h7xx_hal_cortex.o(.text.HAL_MPU_Disable) for HAL_MPU_Disable
    main.o(.text._ZL10MPU_Configv) refers to stm32h7xx_hal_cortex.o(.text.HAL_MPU_ConfigRegion) for HAL_MPU_ConfigRegion
    main.o(.text._ZL10MPU_Configv) refers to stm32h7xx_hal_cortex.o(.text.HAL_MPU_Enable) for HAL_MPU_Enable
    main.o(.ARM.exidx.text._ZL10MPU_Configv) refers to main.o(.text._ZL10MPU_Configv) for [Anonymous Symbol]
[...]
    RtosQueue<CanFrame>::RtosQueue__sub_object(unsigned int) 0x0800c5d9   Thumb Code    32  frame_demo.o(.text._ZN9RtosQueueI8CanFrameEC2Ej)
    RtosQueue<CanFrame>::~RtosQueue__sub_object() 0x0800c5f9   Thumb Code    34  frame_demo.o(.text._ZN9RtosQueueI8CanFrameED2Ev)
    TimeStamp::getInstance()                 0x0800c621   Thumb Code    74  bsp_timestamp.o(.text._ZN9TimeStamp11getInstanceEv)
    TimeStamp::overflowCallback()            0x0800c671   Thumb Code   100  bsp_timestamp.o(.text._ZN9TimeStamp16overflowCallbackEv)
    TimeStamp::init(TIM_HandleTypeDef*)      0x0800c6d9   Thumb Code    52  bsp_timestamp.o(.text._ZN9TimeStamp4initEP17TIM_HandleTypeDef)
    TimeStamp::TimeStamp()                   0x0800c711   Thumb Code    10  bsp_timestamp.o(.text._ZN9TimeStampC2Ev)
    TimeStamp::TimeStamp__sub_object()       0x0800c711   Thumb Code    10  bsp_timestamp.o(.text._ZN9TimeStampC2Ev)
    Motor_Base::getCurrent() const           0x0800c721   Thumb Code     6  motor_dji.o(.text._ZNK10Motor_Base10getCurrentEv)
    Motor_Base::matchesFrame(CanFrame const&) const 0x0800c729   Thumb Code     8  motor_dji.o(.text._ZNK10Motor_Base12matchesFrameERK8CanFrame)
    Motor_Base::getTotalAngle() const        0x0800c731   Thumb Code     6  motor_dji.o(.text._ZNK10Motor_Base13getTotalAngleEv)
    Motor_Base::get_GearRatio() const        0x0800c739   Thumb Code    14  motor_dji.o(.text._ZNK10Motor_Base13get_GearRatioEv)
    Motor_Base::getRPM() const               0x0800c749   Thumb Code     6  motor_dji.o(.text._ZNK10Motor_Base6getRPMEv)
    Motor_Base::getAngle() const             0x0800c751   Thumb Code     6  motor_dji.o(.text._ZNK10Motor_Base8getAngleEv)
    DM_Motor::matchesFrame(CanFrame const&) const 0x0800c759   Thumb Code    74  motor_dm.o(.text._ZNK8DM_Motor12matchesFrameERK8CanFrame)
    fdCANbus::getFDCANHandle() const         0x0800c7a9   Thumb Code    12  bsp_fdcan_driver.o(.text._ZNK8fdCANbus14getFDCANHandleEv)
    fdCANbus::getbusID() const               0x0800c7b9   Thumb Code    12  bsp_fdcan_driver.o(.text._ZNK8fdCANbus8getbusIDEv)
    TimeStamp::getMicroseconds() const       0x0800c7c9   Thumb Code   186  bsp_timestamp.o(.text._ZNK9TimeStamp15getMicrosecondsEv)
    operator delete(void*)                   0x0800c883   Thumb Code     4  new.cpp.o(.text._ZdlPv)
    operator delete(void*, unsigned int)     0x0800c887   Thumb Code     4  new.cpp.o(.text._ZdlPvj)
    __cxa_pure_virtual                       0x0800c99d   Thumb Code     8  cxa_virtual.cpp.o(.text.__cxa_pure_virtual)
    fdcan_global_rx_isr                      0x0800ca71   Thumb Code   202  bsp_fdcan_driver.o(.text.fdcan_global_rx_isr)
    fdcan_global_scheduler_tick_isr          0x0800cb41   Thumb Code   106  bsp_fdcan_driver.o(.text.fdcan_global_scheduler_tick_isr)
    main                                     0x0800cbb1   Thumb Code    84  main.o(.text.main)
    osDelay                                  0x0800cc09   Thumb Code    52  cmsis_os2.o(.text.osDelay)
    osKernelInitialize                       0x0800cc41   Thumb Code    70  cmsis_os2.o(.text.osKernelInitialize)
    osKernelStart                            0x0800cc89   Thumb Code    82  cmsis_os2.o(.text.osKernelStart)
    osThreadNew                              0x0800cce1   Thumb Code   346  cmsis_os2.o(.text.osThreadNew)
    pvPortMalloc                             0x0800dd71   Thumb Code   492  heap_4.o(.text.pvPortMalloc)
    pvTaskIncrementMutexHeldCount            0x0800df61   Thumb Code    44  tasks.o(.text.pvTaskIncrementMutexHeldCount)
    pxPortInitialiseStack                    0x0800df91   Thumb Code    94  port.o(.text.pxPortInitialiseStack)
    __cxa_guard_acquire                      0x0800dfef   Thumb Code    44  cxa_guard.cpp.o(.text.unlikely.__cxa_guard_acquire)
    __cxa_guard_release                      0x0800e01b   Thumb Code     8  cxa_guard.cpp.o(.text.unlikely.__cxa_guard_release)
    abort_message                            0x0800e023   Thumb Code     4  abort_message.cpp.o(.text.unlikely.abort_message)
    uxListRemove                             0x0800e029   Thumb Code    72  list.o(.text.uxListRemove)
    vApplicationGetIdleTaskMemory            0x0800e071   Thumb Code    42  cmsis_os2.o(.text.vApplicationGetIdleTaskMemory)
    vApplicationGetTimerTaskMemory           0x0800e0a1   Thumb Code    44  cmsis_os2.o(.text.vApplicationGetTimerTaskMemory)
    vListInitialise                          0x0800e0d1   Thumb Code    46  list.o(.text.vListInitialise)
    vListInitialiseItem                      0x0800e101   Thumb Code    14  list.o(.text.vListInitialiseItem)
    vListInsert                              0x0800e111   Thumb Code   106  list.o(.text.vListInsert)
    vListInsertEnd                           0x0800e181   Thumb Code    58  list.o(.text.vListInsertEnd)
    vPortEnterCritical                       0x0800e1d9   Thumb Code    86  port.o(.text.vPortEnterCritical)
    vPortExitCritical                        0x0800e231   Thumb Code    74  port.o(.text.vPortExitCritical)
    vPortFree                                0x0800e281   Thumb Code   206  heap_4.o(.text.vPortFree)
    vPortSetupTimerInterrupt                 0x0800e351   Thumb Code    68  port.o(.text.vPortSetupTimerInterrupt)
    vPortValidateInterruptPriority           0x0800e399   Thumb Code   132  port.o(.text.vPortValidateInterruptPriority)
    vQueueAddToRegistry                      0x0800e421   Thumb Code    82  queue.o(.text.vQueueAddToRegistry)
    vQueueDelete                             0x0800e479   Thumb Code    68  queue.o(.text.vQueueDelete)
    vQueueUnregisterQueue                    0x0800e4c1   Thumb Code    84  queue.o(.text.vQueueUnregisterQueue)
    vQueueWaitForMessageRestricted           0x0800e519   Thumb Code   100  queue.o(.text.vQueueWaitForMessageRestricted)
    vTaskDelay                               0x0800e581   Thumb Code   110  tasks.o(.text.vTaskDelay)
    vTaskDelete                              0x0800e5f1   Thumb Code   270  tasks.o(.text.vTaskDelete)
    vTaskInternalSetTimeOutState             0x0800e701   Thumb Code    36  tasks.o(.text.vTaskInternalSetTimeOutState)
    vTaskMissedYield                         0x0800e729   Thumb Code    14  tasks.o(.text.vTaskMissedYield)
    vTaskPlaceOnEventList                    0x0800e739   Thumb Code    66  tasks.o(.text.vTaskPlaceOnEventList)
    vTaskPlaceOnEventListRestricted          0x0800e781   Thumb Code    82  tasks.o(.text.vTaskPlaceOnEventListRestricted)
    vTaskPriorityDisinheritAfterTimeout      0x0800e7d9   Thumb Code   308  tasks.o(.text.vTaskPriorityDisinheritAfterTimeout)
    vTaskStartScheduler                      0x0800e911   Thumb Code   224  tasks.o(.text.vTaskStartScheduler)
    vTaskSuspendAll                          0x0800e9f1   Thumb Code    16  tasks.o(.text.vTaskSuspendAll)
    vTaskSwitchContext                       0x0800ea01   Thumb Code   198  tasks.o(.text.vTaskSwitchContext)
    xPortStartScheduler                      0x0800eac9   Thumb Code   342  port.o(.text.xPortStartScheduler)
    xPortSysTickHandler                      0x0800ec21   Thumb Code    60  port.o(.text.xPortSysTickHandler)
    xQueueCreateMutex                        0x0800ec61   Thumb Code    38  queue.o(.text.xQueueCreateMutex)
    xQueueGenericCreate                      0x0800ec89   Thumb Code   116  queue.o(.text.xQueueGenericCreate)
    xQueueGenericCreateStatic                0x0800ed01   Thumb Code   270  queue.o(.text.xQueueGenericCreateStatic)
    xQueueGenericReset                       0x0800ee11   Thumb Code   186  queue.o(.text.xQueueGenericReset)
    xQueueGenericSend                        0x0800eed1   Thumb Code   556  queue.o(.text.xQueueGenericSend)
    xQueueGenericSendFromISR                 0x0800f101   Thumb Code   332  queue.o(.text.xQueueGenericSendFromISR)
    xQueueGiveFromISR                        0x0800f251   Thumb Code   292  queue.o(.text.xQueueGiveFromISR)
    xQueueReceive                            0x0800f379   Thumb Code   476  queue.o(.text.xQueueReceive)
    xQueueSemaphoreTake                      0x0800f559   Thumb Code   556  queue.o(.text.xQueueSemaphoreTake)
    xTaskCheckForTimeOut                     0x0800f789   Thumb Code   204  tasks.o(.text.xTaskCheckForTimeOut)
    xTaskCreate                              0x0800f859   Thumb Code   158  tasks.o(.text.xTaskCreate)
    xTaskCreateStatic                        0x0800f8f9   Thumb Code   206  tasks.o(.text.xTaskCreateStatic)
    xTaskGetSchedulerState                   0x0800f9c9   Thumb Code    56  tasks.o(.text.xTaskGetSchedulerState)
    xTaskGetTickCount                        0x0800fa01   Thumb Code    20  tasks.o(.text.xTaskGetTickCount)
    xTaskIncrementTick                       0x0800fa19   Thumb Code   452  tasks.o(.text.xTaskIncrementTick)
    xTaskPriorityDisinherit                  0x0800fbe1   Thumb Code   236  tasks.o(.text.xTaskPriorityDisinherit)
    xTaskPriorityInherit                     0x0800fcd1   Thumb Code   270  tasks.o(.text.xTaskPriorityInherit)
    xTaskRemoveFromEventList                 0x0800fde1   Thumb Code   206  tasks.o(.text.xTaskRemoveFromEventList)
    xTaskResumeAll                           0x0800feb1   Thumb Code   390  tasks.o(.text.xTaskResumeAll)
    xTimerCreateTimerTask                    0x08010039   Thumb Code   148  timers.o(.text.xTimerCreateTimerTask)
    xTimerGenericCommand                     0x080100d1   Thumb Code   176  timers.o(.text.xTimerGenericCommand)
    __aeabi_ul2f                             0x08010181   Thumb Code     0  ffltll_clz.o(x$fpl$ffltll)
    _ll_uto_f                                0x08010181   Thumb Code     6  ffltll_clz.o(x$fpl$ffltll)
    __aeabi_l2f                              0x08010187   Thumb Code     0  ffltll_clz.o(x$fpl$ffltll)
    _ll_sto_f                                0x08010187   Thumb Code    90  ffltll_clz.o(x$fpl$ffltll)
    _fp_init                                 0x080101e1   Thumb Code    26  fpinit.o(x$fpl$fpinit)
    __fplib_config_fpu_vfp                   0x080101f9   Thumb Code     0  fpinit.o(x$fpl$fpinit)
    __fplib_config_pureend_doubles           0x080101f9   Thumb Code     0  fpinit.o(x$fpl$fpinit)
    __I$use$fp                               0x080101fa   Number         0  usenofp.o(x$fpl$usenofp)
    D1CorePrescTable                         0x08010248   Data          16  system_stm32h7xx.o(.rodata.D1CorePrescTable)
    UARTPrescTable                           0x08010280   Data          24  stm32h7xx_hal_uart.o(.rodata.UARTPrescTable)
    vtable for Motor_Base                    0x08010298   Data          68  motor_dji.o(.rodata._ZTV10Motor_Base)
    vtable for DM_MotorDemo                  0x080102dc   Data          24  frame_demo.o(.rodata._ZTV12DM_MotorDemo)
    vtable for DM_Motor                      0x080102f4   Data          68  motor_dm.o(.rodata._ZTV8DM_Motor)
    vtable for RtosTask                      0x08010338   Data          24  bsp_fdcan_driver.o(.rodata._ZTV8RtosTask)
    vtable for fdCANbus::RxTask              0x08010350   Data          24  bsp_fdcan_driver.o(.rodata._ZTVN8fdCANbus6RxTaskE)
    vtable for fdCANbus::SchedTask           0x08010368   Data          24  bsp_fdcan_driver.o(.rodata._ZTVN8fdCANbus9SchedTaskE)
    defaultTask_attributes                   0x08010380   Data          36  freertos.o(.rodata.defaultTask_attributes)
    Region$$Table$$Base                      0x0801048c   Number         0  anon$$obj.o(Region$$Table)
    Region$$Table$$Limit                     0x080104ac   Number         0  anon$$obj.o(Region$$Table)
    SHT$$INIT_ARRAY$$Base                    0x080104ac   Number         0  frame_demo.o(.init_array)
    SHT$$INIT_ARRAY$$Limit                   0x080104b4   Number         0  init_aeabi.o(.init_array)
    __cxa_finalize_instance                  0x24000000   Data           4  cxa_finalize.o(.data)
    _atexit_mutex                            0x24000004   Data           4  atexit_init.o(.data)
    SystemCoreClock                          0x24000008   Data           4  system_stm32h7xx.o(.data.SystemCoreClock)
    SystemD2Clock                            0x2400000c   Data           4  system_stm32h7xx.o(.data.SystemD2Clock)
    uwTickFreq                               0x24000010   Data           1  stm32h7xx_hal.o(.data.uwTickFreq)
    uwTickPrio                               0x24000014   Data           4  stm32h7xx_hal.o(.data.uwTickPrio)
    __libspace_start                         0x24000020   Data          96  libspace.o(.bss)
    CAN2_Bus                                 0x24000080   Data          96  frame_demo.o(.bss.CAN2_Bus)
    __temporary_stack_top$libspace           0x24000080   Data           0  libspace.o(.bss)
    TimeStamp::s_overflow_count_             0x240000f8   Data           8  bsp_timestamp.o(.bss._ZN9TimeStamp17s_overflow_count_E)
    TimeStamp::s_htim_                       0x24000100   Data           4  bsp_timestamp.o(.bss._ZN9TimeStamp7s_htim_E)
    defaultTaskHandle                        0x24000108   Data           4  freertos.o(.bss.defaultTaskHandle)
    delta_time                               0x2400010c   Data           4  frame_demo.o(.bss.delta_time)
    dm_motor                                 0x24000110   Data         324  frame_demo.o(.bss.dm_motor)
    dm_motor_demo                            0x24000254   Data         124  setup_configinit.o(.bss.dm_motor_demo)
    hdma_usart1_tx                           0x240002d0   Data         120  usart.o(.bss.hdma_usart1_tx)
    hfdcan1                                  0x24000348   Data         160  fdcan.o(.bss.hfdcan1)
    hfdcan2                                  0x240003e8   Data         160  fdcan.o(.bss.hfdcan2)
    hfdcan3                                  0x24000488   Data         160  fdcan.o(.bss.hfdcan3)
    htim4                                    0x24000528   Data          76  tim.o(.bss.htim4)
    htim6                                    0x24000574   Data          76  tim.o(.bss.htim6)
    htim8                                    0x240005c0   Data          76  stm32h7xx_hal_timebase_tim.o(.bss.htim8)
    huart1                                   0x2400060c   Data         148  usart.o(.bss.huart1)
    last_time                                0x240006a0   Data           8  frame_demo.o(.bss.last_time)
    pxCurrentTCB                             0x2400079c   Data           4  tasks.o(.bss.pxCurrentTCB)
    start_signal                             0x24000c14   Data           1  frame_demo.o(.bss.start_signal)
    test_pos                                 0x24000c18   Data           4  frame_demo.o(.bss.test_pos)
    test_rpm                                 0x24000c1c   Data           4  frame_demo.o(.bss.test_rpm)
    uwTick                                   0x24004828   Data           4  stm32h7xx_hal.o(.bss.uwTick)
    xQueueRegistry                           0x24004f80   Data          64  queue.o(.bss.xQueueRegistry)



==============================================================================

Memory Map of the image

  Image Entry point : 0x080002cd

  Load Region LR_IROM1 (Base: 0x08000000, Size: 0x000104d8, Max: 0x00100000, ABSOLUTE)

    Execution Region ER_IROM1 (Exec base: 0x08000000, Load base: 0x08000000, Size: 0x000104b4, Max: 0x00100000, ABSOLUTE)

    Exec Addr    Load Addr    Size         Type   Attr      Idx    E Section Name        Object

    0x08000000   0x08000000   0x000002cc   Data   RO            3    RESET               startup_stm32h723xx.o
    0x080002cc   0x080002cc   0x00000008   Code   RO         3194  * !!!main             c_w.l(__main.o)
    0x080002d4   0x080002d4   0x0000005c   Code   RO         3880    !!!scatter          c_w.l(__scatter.o)
    0x08000330   0x08000330   0x0000001a   Code   RO         3884    !!handler_copy      c_w.l(__scatter_copy.o)
    0x0800034a   0x0800034a   0x00000002   PAD
    0x0800034c   0x0800034c   0x00000002   Code   RO         3881    !!handler_null      c_w.l(__scatter.o)
    0x0800034e   0x0800034e   0x00000002   PAD
    0x08000350   0x08000350   0x0000001c   Code   RO         3886    !!handler_zi        c_w.l(__scatter_zi.o)
    0x0800036c   0x0800036c   0x00000002   Code   RO         3576    .ARM.Collect$$libinit$$00000000  c_w.l(libinit.o)
    0x0800036e   0x0800036e   0x00000004   Code   RO         3344    .ARM.Collect$$libinit$$00000001  c_w.l(libinit2.o)
    0x08000372   0x08000372   0x00000000   Code   RO         3347    .ARM.Collect$$libinit$$00000004  c_w.l(libinit2.o)
    0x08000372   0x08000372   0x00000000   Code   RO         3349    .ARM.Collect$$libinit$$00000006  c_w.l(libinit2.o)
    0x08000372   0x08000372   0x00000008   Code   RO         3350    .ARM.Collect$$libinit$$00000007  c_w.l(libinit2.o)
    0x0800037a   0x0800037a   0x00000000   Code   RO         3352    .ARM.Collect$$libinit$$0000000C  c_w.l(libinit2.o)
    0x0800037a   0x0800037a   0x00000000   Code   RO         3354    .ARM.Collect$$libinit$$0000000E  c_w.l(libinit2.o)
    0x0800037a   0x0800037a   0x00000000   Code   RO         3356    .ARM.Collect$$libinit$$00000010  c_w.l(libinit2.o)
    0x0800037a   0x0800037a   0x00000000   Code   RO         3359    .ARM.Collect$$libinit$$00000013  c_w.l(libinit2.o)
    0x0800037a   0x0800037a   0x00000000   Code   RO         3361    .ARM.Collect$$libinit$$00000015  c_w.l(libinit2.o)
    0x0800037a   0x0800037a   0x00000000   Code   RO         3363    .ARM.Collect$$libinit$$00000017  c_w.l(libinit2.o)
    0x0800037a   0x0800037a   0x00000000   Code   RO         3365    .ARM.Collect$$libinit$$00000019  c_w.l(libinit2.o)
    0x0800037a   0x0800037a   0x00000000   Code   RO         3367    .ARM.Collect$$libinit$$0000001B  c_w.l(libinit2.o)
    0x0800037a   0x0800037a   0x00000004   Code   RO         3368    .ARM.Collect$$libinit$$0000001C  c_w.l(libinit2.o)
    0x0800037e   0x0800037e   0x00000000   Code   RO         3369    .ARM.Collect$$libinit$$0000001D  c_w.l(libinit2.o)
    0x0800037e   0x0800037e   0x00000000   Code   RO         3371    .ARM.Collect$$libinit$$0000001F  c_w.l(libinit2.o)
    0x0800037e   0x0800037e   0x00000000   Code   RO         3373    .ARM.Collect$$libinit$$00000021  c_w.l(libinit2.o)
    0x0800037e   0x0800037e   0x00000000   Code   RO         3375    .ARM.Collect$$libinit$$00000023  c_w.l(libinit2.o)
    0x0800037e   0x0800037e   0x00000000   Code   RO         3377    .ARM.Collect$$libinit$$00000025  c_w.l(libinit2.o)
    0x0800037e   0x0800037e   0x00000000   Code   RO         3379    .ARM.Collect$$libinit$$00000027  c_w.l(libinit2.o)
    0x0800037e   0x0800037e   0x00000000   Code   RO         3383    .ARM.Collect$$libinit$$0000002E  c_w.l(libinit2.o)
    0x0800037e   0x0800037e   0x00000000   Code   RO         3385    .ARM.Collect$$libinit$$00000030  c_w.l(libinit2.o)
    0x0800037e   0x0800037e   0x00000000   Code   RO         3387    .ARM.Collect$$libinit$$00000032  c_w.l(libinit2.o)
    0x0800037e   0x0800037e   0x00000004   Code   RO         3388    .ARM.Collect$$libinit$$00000033  c_w.l(libinit2.o)
    0x08000382   0x08000382   0x00000000   Code   RO         3389    .ARM.Collect$$libinit$$00000034  c_w.l(libinit2.o)
    0x08000382   0x08000382   0x00000002   Code   RO         3390    .ARM.Collect$$libinit$$00000035  c_w.l(libinit2.o)
    0x08000384   0x08000384   0x00000002   Code   RO         3835    .ARM.Collect$$libshutdown$$00000000  c_w.l(libshutdown.o)
    0x08000386   0x08000386   0x00000006   Code   RO         3577    .ARM.Collect$$libshutdown$$00000001  c_w.l(libshutdown2.o)
    0x0800038c   0x0800038c   0x00000000   Code   RO         3578    .ARM.Collect$$libshutdown$$00000002  c_w.l(libshutdown2.o)
    0x0800038c   0x0800038c   0x00000000   Code   RO         3580    .ARM.Collect$$libshutdown$$00000004  c_w.l(libshutdown2.o)
    0x0800038c   0x0800038c   0x00000000   Code   RO         3583    .ARM.Collect$$libshutdown$$00000007  c_w.l(libshutdown2.o)
    0x0800038c   0x0800038c   0x00000000   Code   RO         3586    .ARM.Collect$$libshutdown$$0000000A  c_w.l(libshutdown2.o)
    0x0800038c   0x0800038c   0x00000000   Code   RO         3588    .ARM.Collect$$libshutdown$$0000000C  c_w.l(libshutdown2.o)
    0x0800038c   0x0800038c   0x00000000   Code   RO         3591    .ARM.Collect$$libshutdown$$0000000F  c_w.l(libshutdown2.o)
    0x0800038c   0x0800038c   0x00000002   Code   RO         3592    .ARM.Collect$$libshutdown$$00000010  c_w.l(libshutdown2.o)
    0x0800038e   0x0800038e   0x00000000   Code   RO         3265    .ARM.Collect$$rtentry$$00000000  c_w.l(__rtentry.o)
    0x0800038e   0x0800038e   0x00000000   Code   RO         3440    .ARM.Collect$$rtentry$$00000002  c_w.l(__rtentry2.o)
    0x0800038e   0x0800038e   0x00000006   Code   RO         3452    .ARM.Collect$$rtentry$$00000004  c_w.l(__rtentry4.o)
    0x08000394   0x08000394   0x00000000   Code   RO         3442    .ARM.Collect$$rtentry$$00000009  c_w.l(__rtentry2.o)
    0x08000394   0x08000394   0x00000004   Code   RO         3443    .ARM.Collect$$rtentry$$0000000A  c_w.l(__rtentry2.o)
    0x08000398   0x08000398   0x00000000   Code   RO         3445    .ARM.Collect$$rtentry$$0000000C  c_w.l(__rtentry2.o)
    0x08000398   0x08000398   0x00000008   Code   RO         3446    .ARM.Collect$$rtentry$$0000000D  c_w.l(__rtentry2.o)
    0x080003a0   0x080003a0   0x00000002   Code   RO         3596    .ARM.Collect$$rtexit$$00000000  c_w.l(rtexit.o)
    0x080003a2   0x080003a2   0x00000000   Code   RO         3715    .ARM.Collect$$rtexit$$00000002  c_w.l(rtexit2.o)
    0x080003a2   0x080003a2   0x00000004   Code   RO         3716    .ARM.Collect$$rtexit$$00000003  c_w.l(rtexit2.o)
    0x080003a6   0x080003a6   0x00000006   Code   RO         3717    .ARM.Collect$$rtexit$$00000004  c_w.l(rtexit2.o)
    0x080003ac   0x080003ac   0x00000048   Code   RO            4    .text               startup_stm32h723xx.o
    0x080003f4   0x080003f4   0x000000f0   Code   RO         3170    .text               c_w.l(lludivv7m.o)
    0x080004e4   0x080004e4   0x0000000a   Code   RO         3175    .text               c_w.l(cxa_atexit.o)
    0x080004ee   0x080004ee   0x0000003e   Code   RO         3178    .text               c_w.l(strlen.o)
    0x0800052c   0x0800052c   0x0000008a   Code   RO         3180    .text               c_w.l(rt_memcpy_v6.o)
    0x080005b6   0x080005b6   0x00000064   Code   RO         3182    .text               c_w.l(rt_memcpy_w.o)
    0x0800061a   0x0800061a   0x00000010   Code   RO         3186    .text               c_w.l(aeabi_memset4.o)
    0x0800062a   0x0800062a   0x0000004e   Code   RO         3190    .text               c_w.l(rt_memclr_w.o)
    0x08000678   0x08000678   0x00000006   Code   RO         3192    .text               c_w.l(heapauxi.o)
    0x0800067e   0x0800067e   0x00000002   PAD
    0x08000680   0x08000680   0x0000002c   Code   RO         3199    .text               c_w.l(init_aeabi.o)
    0x080006ac   0x080006ac   0x0000005e   Code   RO         3274    .text               c_w.l(h1_alloc.o)
    0x0800070a   0x0800070a   0x0000004e   Code   RO         3276    .text               c_w.l(h1_free.o)
    0x08000758   0x08000758   0x00000048   Code   RO         3341    .text               c_w.l(aeabi_atexit.o)
    0x080007a0   0x080007a0   0x00000004   Code   RO         3437    .text               c_w.l(mutex_dummy.o)
    0x080007a4   0x080007a4   0x00000008   Code   RO         3459    .text               c_w.l(rt_heap_descriptor_intlibspace.o)
    0x080007ac   0x080007ac   0x00000008   Code   RO         3464    .text               c_w.l(rt_ddtor_pointer_addr_intlibspace.o)
    0x080007b4   0x080007b4   0x00000004   Code   RO         3471    .text               c_w.l(hguard.o)
    0x080007b8   0x080007b8   0x0000008a   Code   RO         3473    .text               c_w.l(init_alloc.o)
    0x08000842   0x08000842   0x0000000c   Code   RO         3477    .text               c_w.l(h1_init.o)
    0x0800084e   0x0800084e   0x00000016   Code   RO         3489    .text               c_w.l(abort.o)
    0x08000864   0x08000864   0x00000064   Code   RO         3491    .text               c_w.l(cxa_finalize.o)
    0x080008c8   0x080008c8   0x0000000c   Code   RO         3495    .text               c_w.l(atexit_init.o)
    0x080008d4   0x080008d4   0x0000000c   Code   RO         3523    .text               c_w.l(sys_exit.o)
    0x080008e0   0x080008e0   0x00000008   Code   RO         3529    .text               c_w.l(libspace.o)
    0x080008e8   0x080008e8   0x0000004a   Code   RO         3532    .text               c_w.l(sys_stackheap_outer.o)
    0x08000932   0x08000932   0x00000000   Code   RO         3536    .text               c_w.l(maybetermalloc1.o)
    0x08000932   0x08000932   0x00000034   Code   RO         3538    .text               c_w.l(h1_extend.o)
    0x08000966   0x08000966   0x00000012   Code   RO         3550    .text               c_w.l(exit.o)
    0x08000978   0x08000978   0x0000000e   Code   RO         3552    .text               c_w.l(defsig_abrt_outer.o)
    0x08000986   0x08000986   0x0000000e   Code   RO         3560    .text               c_w.l(defsig_rtmem_outer.o)
    0x08000994   0x08000994   0x00000002   Code   RO         3593    .text               c_w.l(use_no_semi.o)
    0x08000996   0x08000996   0x00000000   Code   RO         3595    .text               c_w.l(indicate_semi.o)
    0x08000996   0x08000996   0x0000000a   Code   RO         3695    .text               c_w.l(defsig_exit.o)
    0x080009a0   0x080009a0   0x00000030   Code   RO         3697    .text               c_w.l(defsig_abrt_inner.o)
    0x080009d0   0x080009d0   0x00000050   Code   RO         3701    .text               c_w.l(defsig_rtmem_inner.o)
    0x08000a20   0x08000a20   0x00000032   Code   RO         3768    .text               c_w.l(defsig_general.o)
    0x08000a52   0x08000a52   0x0000000e   Code   RO         3776    .text               c_w.l(sys_wrch.o)
    0x08000a60   0x08000a60   0x00000020   Code   RO         2929    .text.ALL_Setup_ConfigInit  setup_configinit.o
    0x08000a80   0x08000a80   0x00000004   Code   RO          118    .text.BusFault_Handler  stm32h7xx_it.o
    0x08000a84   0x08000a84   0x00000004   PAD
    0x08000a88   0x08000a88   0x00000010   Code   RO          124    .text.DMA1_Stream0_IRQHandler  stm32h7xx_it.o
    0x08000a98   0x08000a98   0x000001ca   Code   RO         1064    .text.DMA_CalcBaseAndBitshift  stm32h7xx_hal_dma.o
    0x08000c62   0x08000c62   0x00000006   PAD
    0x08000c68   0x08000c68   0x00000178   Code   RO         1066    .text.DMA_CalcDMAMUXChannelBaseAndMask  stm32h7xx_hal_dma.o
    0x08000de0   0x08000de0   0x0000012a   Code   RO         1068    .text.DMA_CalcDMAMUXRequestGenBaseAndMask  stm32h7xx_hal_dma.o
    0x08000f0a   0x08000f0a   0x00000006   PAD
    0x08000f10   0x08000f10   0x000000f0   Code   RO         1062    .text.DMA_CheckFifoParam  stm32h7xx_hal_dma.o
    0x08001000   0x08001000   0x00000002   Code   RO          122    .text.DebugMon_Handler  stm32h7xx_it.o
    0x08001002   0x08001002   0x00000006   PAD
    0x08001008   0x08001008   0x0000000e   Code   RO           17    .text.Error_Handler  main.o
    0x08001016   0x08001016   0x00000002   PAD
    0x08001018   0x08001018   0x00000028   Code   RO         1828    .text.ExitRun0Mode  system_stm32h7xx.o
    0x08001040   0x08001040   0x00000010   Code   RO          126    .text.FDCAN1_IT0_IRQHandler  stm32h7xx_it.o
    0x08001050   0x08001050   0x00000010   Code   RO          128    .text.FDCAN2_IT0_IRQHandler  stm32h7xx_it.o
    0x08001060   0x08001060   0x00000010   Code   RO          138    .text.FDCAN3_IT0_IRQHandler  stm32h7xx_it.o
    0x08001070   0x08001070   0x000002c2   Code   RO          602    .text.FDCAN_CalcultateRamBlockAddresses  stm32h7xx_hal_fdcan.o
    0x08001332   0x08001332   0x00000006   PAD
    0x08001338   0x08001338   0x000000b8   Code   RO          672    .text.FDCAN_CopyMessageToRAM  stm32h7xx_hal_fdcan.o
    0x080013f0   0x080013f0   0x00000978   Code   RO         1078    .text.HAL_DMA_Abort  stm32h7xx_hal_dma.o
    0x08001d68   0x08001d68   0x000006aa   Code   RO         1080    .text.HAL_DMA_Abort_IT  stm32h7xx_hal_dma.o
    0x08002412   0x08002412   0x00000006   PAD
    0x08002418   0x08002418   0x000011c0   Code   RO         1084    .text.HAL_DMA_IRQHandler  stm32h7xx_hal_dma.o
    0x080035d8   0x080035d8   0x00000960   Code   RO         1060    .text.HAL_DMA_Init  stm32h7xx_hal_dma.o
    0x08003f38   0x08003f38   0x000000fe   Code   RO          750    .text.HAL_FDCAN_ActivateNotification  stm32h7xx_hal_fdcan.o
    0x08004036   0x08004036   0x00000002   PAD
    0x08004038   0x08004038   0x000000ca   Code   RO          670    .text.HAL_FDCAN_AddMessageToTxFifoQ  stm32h7xx_hal_fdcan.o
    0x08004102   0x08004102   0x00000006   PAD
    0x08004108   0x08004108   0x0000000a   Code   RO          764    .text.HAL_FDCAN_ClockCalibrationCallback  stm32h7xx_hal_fdcan.o
    0x08004112   0x08004112   0x00000006   PAD
    0x08004118   0x08004118   0x00000116   Code   RO          622    .text.HAL_FDCAN_ConfigFilter  stm32h7xx_hal_fdcan.o
    0x0800422e   0x0800422e   0x00000002   PAD
    0x08004230   0x08004230   0x00000008   Code   RO          792    .text.HAL_FDCAN_ErrorCallback  stm32h7xx_hal_fdcan.o
    0x08004238   0x08004238   0x0000000a   Code   RO          782    .text.HAL_FDCAN_ErrorStatusCallback  stm32h7xx_hal_fdcan.o
    0x08004242   0x08004242   0x00000006   PAD
    0x08004248   0x08004248   0x000002f8   Code   RO          682    .text.HAL_FDCAN_GetRxMessage  stm32h7xx_hal_fdcan.o
    0x08004540   0x08004540   0x00000008   Code   RO          760    .text.HAL_FDCAN_HighPriorityMessageCallback  stm32h7xx_hal_fdcan.o
    0x08004548   0x08004548   0x000005e2   Code   RO          758    .text.HAL_FDCAN_IRQHandler  stm32h7xx_hal_fdcan.o
    0x08004b2a   0x08004b2a   0x00000006   PAD
    0x08004b30   0x08004b30   0x000003e0   Code   RO          598    .text.HAL_FDCAN_Init  stm32h7xx_hal_fdcan.o
    0x08004f10   0x08004f10   0x00000256   Code   RO           65    .text.HAL_FDCAN_MspInit  fdcan.o
    0x08005166   0x08005166   0x00000002   PAD
    0x08005168   0x08005168   0x00000008   Code   RO          776    .text.HAL_FDCAN_RxBufferNewMessageCallback  stm32h7xx_hal_fdcan.o
    0x08005170   0x08005170   0x0000001e   Code   RO         2538    .text.HAL_FDCAN_RxFifo0Callback  bsp_fdcan_driver.o
    0x0800518e   0x0800518e   0x00000002   PAD
    0x08005190   0x08005190   0x0000000a   Code   RO          770    .text.HAL_FDCAN_RxFifo1Callback  stm32h7xx_hal_fdcan.o
    0x0800519a   0x0800519a   0x00000006   PAD
    0x080051a0   0x080051a0   0x00000050   Code   RO          668    .text.HAL_FDCAN_Start  stm32h7xx_hal_fdcan.o
    0x080051f0   0x080051f0   0x0000000a   Code   RO          790    .text.HAL_FDCAN_TT_GlobalTimeCallback  stm32h7xx_hal_fdcan.o
    0x080051fa   0x080051fa   0x00000006   PAD
    0x08005200   0x08005200   0x0000000a   Code   RO          784    .text.HAL_FDCAN_TT_ScheduleSyncCallback  stm32h7xx_hal_fdcan.o
    0x0800520a   0x0800520a   0x00000006   PAD
    0x08005210   0x08005210   0x0000000c   Code   RO          788    .text.HAL_FDCAN_TT_StopWatchCallback  stm32h7xx_hal_fdcan.o
    0x0800521c   0x0800521c   0x00000004   PAD
    0x08005220   0x08005220   0x0000000a   Code   RO          786    .text.HAL_FDCAN_TT_TimeMarkCallback  stm32h7xx_hal_fdcan.o
    0x0800522a   0x0800522a   0x00000006   PAD
    0x08005230   0x08005230   0x00000008   Code   RO          780    .text.HAL_FDCAN_TimeoutOccurredCallback  stm32h7xx_hal_fdcan.o
    0x08005238   0x08005238   0x00000008   Code   RO          778    .text.HAL_FDCAN_TimestampWraparoundCallback  stm32h7xx_hal_fdcan.o
    0x08005240   0x08005240   0x0000000a   Code   RO          762    .text.HAL_FDCAN_TxBufferAbortCallback  stm32h7xx_hal_fdcan.o
    0x0800524a   0x0800524a   0x00000006   PAD
    0x08005250   0x08005250   0x0000000a   Code   RO          774    .text.HAL_FDCAN_TxBufferCompleteCallback  stm32h7xx_hal_fdcan.o
    0x0800525a   0x0800525a   0x00000006   PAD
    0x08005260   0x08005260   0x0000000a   Code   RO          766    .text.HAL_FDCAN_TxEventFifoCallback  stm32h7xx_hal_fdcan.o
    0x0800526a   0x0800526a   0x00000006   PAD
    0x08005270   0x08005270   0x00000008   Code   RO          772    .text.HAL_FDCAN_TxFifoEmptyCallback  stm32h7xx_hal_fdcan.o
    0x08005278   0x08005278   0x000003a8   Code   RO         1008    .text.HAL_GPIO_Init  stm32h7xx_hal_gpio.o
    0x08005620   0x08005620   0x0000000c   Code   RO         1312    .text.HAL_GetTick   stm32h7xx_hal.o
    0x0800562c   0x0800562c   0x00000004   PAD
    0x08005630   0x08005630   0x0000001a   Code   RO         1310    .text.HAL_IncTick   stm32h7xx_hal.o
    0x0800564a   0x0800564a   0x00000006   PAD
    0x08005650   0x08005650   0x0000007a   Code   RO         1300    .text.HAL_Init      stm32h7xx_hal.o
    0x080056ca   0x080056ca   0x00000006   PAD
    0x080056d0   0x080056d0   0x000000c8   Code   RO          155    .text.HAL_InitTick  stm32h7xx_hal_timebase_tim.o
    0x08005798   0x08005798   0x00000080   Code   RO          557    .text.HAL_MPU_ConfigRegion  stm32h7xx_hal_cortex.o
    0x08005818   0x08005818   0x00000022   Code   RO          549    .text.HAL_MPU_Disable  stm32h7xx_hal_cortex.o
    0x0800583a   0x0800583a   0x00000006   PAD
    0x08005840   0x08005840   0x00000030   Code   RO          551    .text.HAL_MPU_Enable  stm32h7xx_hal_cortex.o
    0x08005870   0x08005870   0x00000032   Code   RO          147    .text.HAL_MspInit   stm32h7xx_hal_msp.o
    0x080058a2   0x080058a2   0x00000006   PAD
    0x080058a8   0x080058a8   0x00000014   Code   RO          533    .text.HAL_NVIC_EnableIRQ  stm32h7xx_hal_cortex.o
    0x080058bc   0x080058bc   0x00000004   PAD
    0x080058c0   0x080058c0   0x0000002e   Code   RO          525    .text.HAL_NVIC_SetPriority  stm32h7xx_hal_cortex.o
    0x080058ee   0x080058ee   0x00000002   PAD
    0x080058f0   0x080058f0   0x00000010   Code   RO          521    .text.HAL_NVIC_SetPriorityGrouping  stm32h7xx_hal_cortex.o
    0x08005900   0x08005900   0x000000a2   Code   RO         1217    .text.HAL_PWREx_ConfigSupply  stm32h7xx_hal_pwr_ex.o
    0x080059a2   0x080059a2   0x00000006   PAD
    0x080059a8   0x080059a8   0x00000026   Code   RO          858    .text.HAL_RCCEx_GetD3PCLK1Freq  stm32h7xx_hal_rcc_ex.o
    0x080059ce   0x080059ce   0x00000002   PAD
    0x080059d0   0x080059d0   0x00000298   Code   RO          854    .text.HAL_RCCEx_GetPLL2ClockFreq  stm32h7xx_hal_rcc_ex.o
    0x08005c68   0x08005c68   0x00000298   Code   RO          856    .text.HAL_RCCEx_GetPLL3ClockFreq  stm32h7xx_hal_rcc_ex.o
    0x08005f00   0x08005f00   0x00000fec   Code   RO          842    .text.HAL_RCCEx_PeriphCLKConfig  stm32h7xx_hal_rcc_ex.o
    0x08006eec   0x08006eec   0x00000004   PAD
    0x08006ef0   0x08006ef0   0x00000498   Code   RO          811    .text.HAL_RCC_ClockConfig  stm32h7xx_hal_rcc.o
    0x08007388   0x08007388   0x00000088   Code   RO          829    .text.HAL_RCC_GetClockConfig  stm32h7xx_hal_rcc.o
    0x08007410   0x08007410   0x00000056   Code   RO          821    .text.HAL_RCC_GetHCLKFreq  stm32h7xx_hal_rcc.o
    0x08007466   0x08007466   0x00000002   PAD
    0x08007468   0x08007468   0x00000026   Code   RO          823    .text.HAL_RCC_GetPCLK1Freq  stm32h7xx_hal_rcc.o
    0x0800748e   0x0800748e   0x00000002   PAD
    0x08007490   0x08007490   0x00000026   Code   RO          825    .text.HAL_RCC_GetPCLK2Freq  stm32h7xx_hal_rcc.o
    0x080074b6   0x080074b6   0x00000002   PAD
    0x080074b8   0x080074b8   0x000002fc   Code   RO          813    .text.HAL_RCC_GetSysClockFreq  stm32h7xx_hal_rcc.o
    0x080077b4   0x080077b4   0x00000004   PAD
    0x080077b8   0x080077b8   0x00000a20   Code   RO          809    .text.HAL_RCC_OscConfig  stm32h7xx_hal_rcc.o
    0x080081d8   0x080081d8   0x00000008   Code   RO          508    .text.HAL_TIMEx_Break2Callback  stm32h7xx_hal_tim_ex.o
    0x080081e0   0x080081e0   0x00000008   Code   RO          506    .text.HAL_TIMEx_BreakCallback  stm32h7xx_hal_tim_ex.o
    0x080081e8   0x080081e8   0x00000008   Code   RO          502    .text.HAL_TIMEx_CommutCallback  stm32h7xx_hal_tim_ex.o
    0x080081f0   0x080081f0   0x0000017c   Code   RO          486    .text.HAL_TIMEx_MasterConfigSynchronization  stm32h7xx_hal_tim_ex.o
    0x0800836c   0x0800836c   0x00000004   PAD
    0x08008370   0x08008370   0x000000a8   Code   RO          169    .text.HAL_TIM_Base_Init  stm32h7xx_hal_tim.o
    0x08008418   0x08008418   0x00000094   Code   RO           84    .text.HAL_TIM_Base_MspInit  tim.o
    0x080084ac   0x080084ac   0x00000004   PAD
    0x080084b0   0x080084b0   0x00000128   Code   RO          183    .text.HAL_TIM_Base_Start_IT  stm32h7xx_hal_tim.o
    0x080085d8   0x080085d8   0x000001d0   Code   RO          365    .text.HAL_TIM_ConfigClockSource  stm32h7xx_hal_tim.o
    0x080087a8   0x080087a8   0x00000008   Code   RO          305    .text.HAL_TIM_IC_CaptureCallback  stm32h7xx_hal_tim.o
    0x080087b0   0x080087b0   0x00000250   Code   RO          303    .text.HAL_TIM_IRQHandler  stm32h7xx_hal_tim.o
    0x08008a00   0x08008a00   0x00000008   Code   RO          307    .text.HAL_TIM_OC_DelayElapsedCallback  stm32h7xx_hal_tim.o
    0x08008a08   0x08008a08   0x00000008   Code   RO          309    .text.HAL_TIM_PWM_PulseFinishedCallback  stm32h7xx_hal_tim.o
    0x08008a10   0x08008a10   0x00000052   Code   RO           19    .text.HAL_TIM_PeriodElapsedCallback  main.o
    0x08008a62   0x08008a62   0x00000006   PAD
    0x08008a68   0x08008a68   0x00000008   Code   RO          313    .text.HAL_TIM_TriggerCallback  stm32h7xx_hal_tim.o
    0x08008a70   0x08008a70   0x0000007c   Code   RO         1801    .text.HAL_UARTEx_DisableFifoMode  stm32h7xx_hal_uart_ex.o
    0x08008aec   0x08008aec   0x00000004   PAD
    0x08008af0   0x08008af0   0x0000000c   Code   RO         1725    .text.HAL_UARTEx_RxEventCallback  stm32h7xx_hal_uart.o
    0x08008afc   0x08008afc   0x00000004   PAD
    0x08008b00   0x08008b00   0x00000008   Code   RO         1783    .text.HAL_UARTEx_RxFifoFullCallback  stm32h7xx_hal_uart_ex.o
    0x08008b08   0x08008b08   0x0000008c   Code   RO         1805    .text.HAL_UARTEx_SetRxFifoThreshold  stm32h7xx_hal_uart_ex.o
    0x08008b94   0x08008b94   0x00000004   PAD
    0x08008b98   0x08008b98   0x0000008c   Code   RO         1803    .text.HAL_UARTEx_SetTxFifoThreshold  stm32h7xx_hal_uart_ex.o
    0x08008c24   0x08008c24   0x00000004   PAD
    0x08008c28   0x08008c28   0x00000008   Code   RO         1785    .text.HAL_UARTEx_TxFifoEmptyCallback  stm32h7xx_hal_uart_ex.o
    0x08008c30   0x08008c30   0x00000008   Code   RO         1781    .text.HAL_UARTEx_WakeupCallback  stm32h7xx_hal_uart_ex.o
    0x08008c38   0x08008c38   0x00000008   Code   RO         1723    .text.HAL_UART_ErrorCallback  stm32h7xx_hal_uart.o
    0x08008c40   0x08008c40   0x000006fe   Code   RO         1719    .text.HAL_UART_IRQHandler  stm32h7xx_hal_uart.o
    0x0800933e   0x0800933e   0x00000002   PAD
    0x08009340   0x08009340   0x000000aa   Code   RO         1631    .text.HAL_UART_Init  stm32h7xx_hal_uart.o
    0x080093ea   0x080093ea   0x00000006   PAD
    0x080093f0   0x080093f0   0x00000110   Code   RO           99    .text.HAL_UART_MspInit  usart.o
    0x08009500   0x08009500   0x00000138   Code   RO         1651    .text.HAL_UART_Transmit  stm32h7xx_hal_uart.o
    0x08009638   0x08009638   0x00000008   Code   RO         1729    .text.HAL_UART_TxCpltCallback  stm32h7xx_hal_uart.o
    0x08009640   0x08009640   0x00000004   Code   RO          114    .text.HardFault_Handler  stm32h7xx_it.o
    0x08009644   0x08009644   0x00000004   PAD
    0x08009648   0x08009648   0x00000038   Code   RO           51    .text.MX_DMA_Init   dma.o
    0x08009680   0x08009680   0x0000007e   Code   RO           59    .text.MX_FDCAN1_Init  fdcan.o
    0x080096fe   0x080096fe   0x00000002   PAD
    0x08009700   0x08009700   0x0000007e   Code   RO           61    .text.MX_FDCAN2_Init  fdcan.o
    0x0800977e   0x0800977e   0x00000002   PAD
    0x08009780   0x08009780   0x0000007e   Code   RO           63    .text.MX_FDCAN3_Init  fdcan.o
    0x080097fe   0x080097fe   0x00000002   PAD
    0x08009800   0x08009800   0x00000024   Code   RO           37    .text.MX_FREERTOS_Init  freertos.o
    0x08009824   0x08009824   0x00000004   PAD
    0x08009828   0x08009828   0x0000007e   Code   RO           29    .text.MX_GPIO_Init  gpio.o
    0x080098a6   0x080098a6   0x00000002   PAD
    0x080098a8   0x080098a8   0x00000086   Code   RO           80    .text.MX_TIM4_Init  tim.o
    0x0800992e   0x0800992e   0x00000002   PAD
    0x08009930   0x08009930   0x0000005c   Code   RO           82    .text.MX_TIM6_Init  tim.o
    0x0800998c   0x0800998c   0x00000004   PAD
    0x08009990   0x08009990   0x0000008e   Code   RO           97    .text.MX_USART1_UART_Init  usart.o
    0x08009a1e   0x08009a1e   0x00000002   PAD
    0x08009a20   0x08009a20   0x00000004   Code   RO          116    .text.MemManage_Handler  stm32h7xx_it.o
    0x08009a24   0x08009a24   0x00000004   PAD
    0x08009a28   0x08009a28   0x00000004   Code   RO          112    .text.NMI_Handler   stm32h7xx_it.o
    0x08009a2c   0x08009a2c   0x00000004   PAD
    0x08009a30   0x08009a30   0x0000006c   Code   RO          531    .text.NVIC_EncodePriority  stm32h7xx_hal_cortex.o
    0x08009a9c   0x08009a9c   0x00000004   PAD
    0x08009aa0   0x08009aa0   0x00000064   Code   RO         2494    .text.PendSV_Handler  port.o
    0x08009b04   0x08009b04   0x00000004   PAD
    0x08009b08   0x08009b08   0x000001ca   Code   RO          844    .text.RCCEx_PLL2_Config  stm32h7xx_hal_rcc_ex.o
    0x08009cd2   0x08009cd2   0x00000006   PAD
    0x08009cd8   0x08009cd8   0x000001ca   Code   RO          846    .text.RCCEx_PLL3_Config  stm32h7xx_hal_rcc_ex.o
    0x08009ea2   0x08009ea2   0x0000000e   PAD
    0x08009eb0   0x08009eb0   0x00000024   Code   RO         2478    .text.SVC_Handler   port.o
    0x08009ed4   0x08009ed4   0x00000004   PAD
    0x08009ed8   0x08009ed8   0x0000000e   Code   RO         2274    .text.SVC_Setup     cmsis_os2.o
    0x08009ee6   0x08009ee6   0x00000002   PAD
    0x08009ee8   0x08009ee8   0x00000010   Code   RO           39    .text.StartDefaultTask  freertos.o
    0x08009ef8   0x08009ef8   0x0000001e   Code   RO         2264    .text.SysTick_Handler  cmsis_os2.o
    0x08009f16   0x08009f16   0x00000002   PAD
    0x08009f18   0x08009f18   0x00000166   Code   RO         1824    .text.SystemInit    system_stm32h7xx.o
    0x0800a07e   0x0800a07e   0x00000002   PAD
    0x0800a080   0x0800a080   0x00000010   Code   RO          130    .text.TIM4_IRQHandler  stm32h7xx_it.o
    0x0800a090   0x0800a090   0x00000010   Code   RO          136    .text.TIM6_DAC_IRQHandler  stm32h7xx_it.o
    0x0800a0a0   0x0800a0a0   0x00000010   Code   RO          134    .text.TIM8_UP_TIM13_IRQHandler  stm32h7xx_it.o
    0x0800a0b0   0x0800a0b0   0x000001c4   Code   RO          173    .text.TIM_Base_SetConfig  stm32h7xx_hal_tim.o
    0x0800a274   0x0800a274   0x00000004   PAD
    0x0800a278   0x0800a278   0x00000034   Code   RO          363    .text.TIM_ETR_SetConfig  stm32h7xx_hal_tim.o
    0x0800a2ac   0x0800a2ac   0x00000004   PAD
    0x0800a2b0   0x0800a2b0   0x00000030   Code   RO          369    .text.TIM_ITRx_SetConfig  stm32h7xx_hal_tim.o
    0x0800a2e0   0x0800a2e0   0x00000050   Code   RO          367    .text.TIM_TI1_ConfigInputStage  stm32h7xx_hal_tim.o
    0x0800a330   0x0800a330   0x00000052   Code   RO          371    .text.TIM_TI2_ConfigInputStage  stm32h7xx_hal_tim.o
    0x0800a382   0x0800a382   0x00000006   PAD
    0x0800a388   0x0800a388   0x00000086   Code   RO         1799    .text.UARTEx_SetNbDataToProcess  stm32h7xx_hal_uart_ex.o
    0x0800a40e   0x0800a40e   0x00000002   PAD
    0x0800a410   0x0800a410   0x00000148   Code   RO         1635    .text.UART_AdvFeatureConfig  stm32h7xx_hal_uart.o
    0x0800a558   0x0800a558   0x00000146   Code   RO         1639    .text.UART_CheckIdleState  stm32h7xx_hal_uart.o
    0x0800a69e   0x0800a69e   0x00000002   PAD
    0x0800a6a0   0x0800a6a0   0x0000001e   Code   RO         1721    .text.UART_DMAAbortOnError  stm32h7xx_hal_uart.o
    0x0800a6be   0x0800a6be   0x00000002   PAD
    0x0800a6c0   0x0800a6c0   0x0000009e   Code   RO         1691    .text.UART_EndRxTransfer  stm32h7xx_hal_uart.o
    0x0800a75e   0x0800a75e   0x00000002   PAD
    0x0800a760   0x0800a760   0x00000044   Code   RO         1727    .text.UART_EndTransmit_IT  stm32h7xx_hal_uart.o
    0x0800a7a4   0x0800a7a4   0x00000004   PAD
    0x0800a7a8   0x0800a7a8   0x00000a4e   Code   RO         1637    .text.UART_SetConfig  stm32h7xx_hal_uart.o
    0x0800b1f6   0x0800b1f6   0x00000002   PAD
    0x0800b1f8   0x0800b1f8   0x0000010c   Code   RO         1653    .text.UART_WaitOnFlagUntilTimeout  stm32h7xx_hal_uart.o
    0x0800b304   0x0800b304   0x00000004   PAD
    0x0800b308   0x0800b308   0x00000010   Code   RO          132    .text.USART1_IRQHandler  stm32h7xx_it.o
    0x0800b318   0x0800b318   0x00000004   Code   RO          120    .text.UsageFault_Handler  stm32h7xx_it.o
    0x0800b31c   0x0800b31c   0x00000004   PAD
    0x0800b320   0x0800b320   0x00000008   Code   RO         2931    .text._GLOBAL__sub_I_Setup_ConfigInit.cpp  setup_configinit.o
    0x0800b328   0x0800b328   0x0000000c   Code   RO         2877    .text._GLOBAL__sub_I_frame_demo.cpp  frame_demo.o
    0x0800b334   0x0800b334   0x00000004   PAD
    0x0800b338   0x0800b338   0x000000ce   Code   RO           15    .text._Z18SystemClock_Configv  main.o
    0x0800b406   0x0800b406   0x00000002   PAD
    0x0800b408   0x0800b408   0x00000046   Code   RO         2510    .text._Z26register_fdcan_bus_for_isrP8fdCANbus  bsp_fdcan_driver.o
    0x0800b44e   0x0800b44e   0x00000002   PAD
    0x0800b450   0x0800b450   0x00000056   Code   RO           13    .text._ZL10MPU_Configv  main.o
    0x0800b4a6   0x0800b4a6   0x00000002   PAD
    0x0800b4a8   0x0800b4a8   0x0000000c   Code   RO         2718    .text._ZN10Motor_Base12setTargetRPMEf  motor_dji.o
    0x0800b4b4   0x0800b4b4   0x00000004   PAD
    0x0800b4b8   0x0800b4b8   0x0000000c   Code   RO         2722    .text._ZN10Motor_Base14setTargetAngleEf  motor_dji.o
    0x0800b4c4   0x0800b4c4   0x00000004   PAD
    0x0800b4c8   0x0800b4c8   0x0000000c   Code   RO         2770    .text._ZN10Motor_Base16setTargetCurrentEf  motor_dji.o
    0x0800b4d4   0x0800b4d4   0x00000004   PAD
    0x0800b4d8   0x0800b4d8   0x0000000c   Code   RO         2724    .text._ZN10Motor_Base19setTargetTotalAngleEf  motor_dji.o
    0x0800b4e4   0x0800b4e4   0x00000004   PAD
    0x0800b4e8   0x0800b4e8   0x00000008   Code   RO         2726    .text._ZN10Motor_Base6updateEv  motor_dji.o
    0x0800b4f0   0x0800b4f0   0x0000004a   Code   RO         2694    .text._ZN10Motor_BaseC2EjbP8fdCANbus  motor_dji.o
    0x0800b53a   0x0800b53a   0x00000006   PAD
    0x0800b540   0x0800b540   0x00000006   Code   RO         2780    .text._ZN10Motor_BaseD0Ev  motor_dji.o
    0x0800b546   0x0800b546   0x00000002   PAD
    0x0800b548   0x0800b548   0x0000000a   Code   RO         2778    .text._ZN10Motor_BaseD2Ev  motor_dji.o
    0x0800b552   0x0800b552   0x00000006   PAD
    0x0800b558   0x0800b558   0x0000005e   Code   RO         2875    .text._ZN12DM_MotorDemo4initEv  frame_demo.o
    0x0800b5b6   0x0800b5b6   0x00000002   PAD
    0x0800b5b8   0x0800b5b8   0x00000162   Code   RO         2873    .text._ZN12DM_MotorDemo4loopEv  frame_demo.o
    0x0800b71a   0x0800b71a   0x00000006   PAD
    0x0800b720   0x0800b720   0x0000003a   Code   RO         2942    .text._ZN12DM_MotorDemoC2Ev  setup_configinit.o
    0x0800b75a   0x0800b75a   0x00000006   PAD
    0x0800b760   0x0800b760   0x0000001a   Code   RO         2918    .text._ZN12DM_MotorDemoD0Ev  frame_demo.o
    0x0800b77a   0x0800b77a   0x00000006   PAD
    0x0800b780   0x0800b780   0x0000001c   Code   RO         2916    .text._ZN12DM_MotorDemoD2Ev  frame_demo.o
    0x0800b79c   0x0800b79c   0x00000004   PAD
    0x0800b7a0   0x0800b7a0   0x00000014   Code   RO         2944    .text._ZN12Debug_PrintfC2EP20__UART_HandleTypeDef  setup_configinit.o
    0x0800b7b4   0x0800b7b4   0x00000004   PAD
    0x0800b7b8   0x0800b7b8   0x0000000a   Code   RO         2924    .text._ZN12Debug_PrintfD2Ev  frame_demo.o
    0x0800b7c2   0x0800b7c2   0x00000006   PAD
    0x0800b7c8   0x0800b7c8   0x0000001e   Code   RO         2784    .text._ZN12PID_Position5resetEv  motor_dji.o
    0x0800b7e6   0x0800b7e6   0x00000002   PAD
    0x0800b7e8   0x0800b7e8   0x00000086   Code   RO         2708    .text._ZN12PID_PositionC2E16PID_Param_Configf  motor_dji.o
    0x0800b86e   0x0800b86e   0x00000002   PAD
    0x0800b870   0x0800b870   0x0000001e   Code   RO         2782    .text._ZN15PID_Incremental5resetEv  motor_dji.o
    0x0800b88e   0x0800b88e   0x00000002   PAD
    0x0800b890   0x0800b890   0x00000084   Code   RO         2706    .text._ZN15PID_IncrementalC2E16PID_Param_Configf  motor_dji.o
    0x0800b914   0x0800b914   0x00000004   PAD
    0x0800b918   0x0800b918   0x00000010   Code   RO         2906    .text._ZN8DM_Motor11motorEnableEv  frame_demo.o
    0x0800b928   0x0800b928   0x000002cc   Code   RO         2846    .text._ZN8DM_Motor11packCommandEP8CanFramej  motor_dm.o
    0x0800bbf4   0x0800bbf4   0x00000004   PAD
    0x0800bbf8   0x0800bbf8   0x00000010   Code   RO         2908    .text._ZN8DM_Motor12motorDisableEv  frame_demo.o
    0x0800bc08   0x0800bc08   0x00000010   Code   RO         2910    .text._ZN8DM_Motor12motorSetZeroEv  frame_demo.o
    0x0800bc18   0x0800bc18   0x00000030   Code   RO         2840    .text._ZN8DM_Motor12setTargetRPMEf  motor_dm.o
    0x0800bc48   0x0800bc48   0x0000005a   Code   RO         2844    .text._ZN8DM_Motor13float_to_uintEfffi  motor_dm.o
    0x0800bca2   0x0800bca2   0x00000006   PAD
    0x0800bca8   0x0800bca8   0x00000054   Code   RO         2836    .text._ZN8DM_Motor13uint_to_floatEiffi  motor_dm.o
    0x0800bcfc   0x0800bcfc   0x00000004   PAD
    0x0800bd00   0x0800bd00   0x00000098   Code   RO         2834    .text._ZN8DM_Motor14updateFeedbackERK8CanFrame  motor_dm.o
    0x0800bd98   0x0800bd98   0x00000048   Code   RO         2838    .text._ZN8DM_Motor19setTargetTotalAngleEff  motor_dm.o
    0x0800bde0   0x0800bde0   0x0000002c   Code   RO         2848    .text._ZN8DM_Motor6updateEv  motor_dm.o
    0x0800be0c   0x0800be0c   0x00000004   PAD
    0x0800be10   0x0800be10   0x00000148   Code   RO         2832    .text._ZN8DM_MotorC2E12DM_MotorTypejjP8fdCANbus  motor_dm.o
    0x0800bf58   0x0800bf58   0x0000001c   Code   RO         2860    .text._ZN8DM_MotorD0Ev  motor_dm.o
    0x0800bf74   0x0800bf74   0x00000004   PAD
    0x0800bf78   0x0800bf78   0x00000014   Code   RO         2858    .text._ZN8DM_MotorD2Ev  motor_dm.o
    0x0800bf8c   0x0800bf8c   0x00000004   PAD
    0x0800bf90   0x0800bf90   0x00000012   Code   RO         2578    .text._ZN8RtosTask3runEv  bsp_fdcan_driver.o
    0x0800bfa2   0x0800bfa2   0x00000006   PAD
    0x0800bfa8   0x0800bfa8   0x00000008   Code   RO         2566    .text._ZN8RtosTask4loopEv  bsp_fdcan_driver.o
    0x0800bfb0   0x0800bfb0   0x00000040   Code   RO         2552    .text._ZN8RtosTask5startEmjPv  bsp_fdcan_driver.o
    0x0800bff0   0x0800bff0   0x0000003a   Code   RO         2572    .text._ZN8RtosTask9taskEntryEPv  bsp_fdcan_driver.o
    0x0800c02a   0x0800c02a   0x00000006   PAD
    0x0800c030   0x0800c030   0x00000026   Code   RO         2558    .text._ZN8RtosTaskC2EPKcj  bsp_fdcan_driver.o
    0x0800c056   0x0800c056   0x00000002   PAD
    0x0800c058   0x0800c058   0x0000001a   Code   RO         2576    .text._ZN8RtosTaskD0Ev  bsp_fdcan_driver.o
    0x0800c072   0x0800c072   0x00000006   PAD
    0x0800c078   0x0800c078   0x0000000a   Code   RO         2574    .text._ZN8RtosTaskD2Ev  bsp_fdcan_driver.o
    0x0800c082   0x0800c082   0x00000006   PAD
    0x0800c088   0x0800c088   0x00000066   Code   RO         2520    .text._ZN8fdCANbus10rxTaskbodyEv  bsp_fdcan_driver.o
    0x0800c0ee   0x0800c0ee   0x00000002   PAD
    0x0800c0f0   0x0800c0f0   0x0000001a   Code   RO         2518    .text._ZN8fdCANbus13pushRxFromISRERK8CanFramePl  bsp_fdcan_driver.o
    0x0800c10a   0x0800c10a   0x00000006   PAD
    0x0800c110   0x0800c110   0x00000054   Code   RO         2514    .text._ZN8fdCANbus13registerMotorEP10Motor_Base  bsp_fdcan_driver.o
    0x0800c164   0x0800c164   0x00000004   PAD
    0x0800c168   0x0800c168   0x000000ca   Code   RO         2522    .text._ZN8fdCANbus17schedulerTaskbodyEv  bsp_fdcan_driver.o
    0x0800c232   0x0800c232   0x00000006   PAD
    0x0800c238   0x0800c238   0x000000b2   Code   RO         2512    .text._ZN8fdCANbus4initEv  bsp_fdcan_driver.o
    0x0800c2ea   0x0800c2ea   0x00000006   PAD
    0x0800c2f0   0x0800c2f0   0x00000012   Code   RO         2530    .text._ZN8fdCANbus6RxTask3runEv  bsp_fdcan_driver.o
    0x0800c302   0x0800c302   0x00000006   PAD
    0x0800c308   0x0800c308   0x00000030   Code   RO         2526    .text._ZN8fdCANbus6RxTaskC2EPS_  bsp_fdcan_driver.o
    0x0800c338   0x0800c338   0x0000001a   Code   RO         2564    .text._ZN8fdCANbus6RxTaskD0Ev  bsp_fdcan_driver.o
    0x0800c352   0x0800c352   0x00000006   PAD
    0x0800c358   0x0800c358   0x00000014   Code   RO         2562    .text._ZN8fdCANbus6RxTaskD2Ev  bsp_fdcan_driver.o
    0x0800c36c   0x0800c36c   0x00000004   PAD
    0x0800c370   0x0800c370   0x00000012   Code   RO         2532    .text._ZN8fdCANbus9SchedTask3runEv  bsp_fdcan_driver.o
    0x0800c382   0x0800c382   0x00000006   PAD
    0x0800c388   0x0800c388   0x00000030   Code   RO         2528    .text._ZN8fdCANbus9SchedTaskC2EPS_  bsp_fdcan_driver.o
    0x0800c3b8   0x0800c3b8   0x0000001a   Code   RO         2570    .text._ZN8fdCANbus9SchedTaskD0Ev  bsp_fdcan_driver.o
    0x0800c3d2   0x0800c3d2   0x00000006   PAD
    0x0800c3d8   0x0800c3d8   0x00000014   Code   RO         2568    .text._ZN8fdCANbus9SchedTaskD2Ev  bsp_fdcan_driver.o
    0x0800c3ec   0x0800c3ec   0x00000004   PAD
    0x0800c3f0   0x0800c3f0   0x000000b2   Code   RO         2516    .text._ZN8fdCANbus9sendFrameERK8CanFrame  bsp_fdcan_driver.o
    0x0800c4a2   0x0800c4a2   0x00000006   PAD
    0x0800c4a8   0x0800c4a8   0x00000084   Code   RO         2902    .text._ZN8fdCANbusC2EP19FDCAN_HandleTypeDefj  frame_demo.o
    0x0800c52c   0x0800c52c   0x00000004   PAD
    0x0800c530   0x0800c530   0x00000026   Code   RO         2904    .text._ZN8fdCANbusD2Ev  frame_demo.o
    0x0800c556   0x0800c556   0x00000002   PAD
    0x0800c558   0x0800c558   0x00000040   Code   RO         2554    .text._ZN9RtosQueueI8CanFrameE11sendFromISRERKS0_Pl  bsp_fdcan_driver.o
    0x0800c598   0x0800c598   0x0000003e   Code   RO         2556    .text._ZN9RtosQueueI8CanFrameE4recvERS0_j  bsp_fdcan_driver.o
    0x0800c5d6   0x0800c5d6   0x00000002   PAD
    0x0800c5d8   0x0800c5d8   0x00000020   Code   RO         2920    .text._ZN9RtosQueueI8CanFrameEC2Ej  frame_demo.o
    0x0800c5f8   0x0800c5f8   0x00000022   Code   RO         2922    .text._ZN9RtosQueueI8CanFrameED2Ev  frame_demo.o
    0x0800c61a   0x0800c61a   0x00000006   PAD
    0x0800c620   0x0800c620   0x0000004a   Code   RO         2584    .text._ZN9TimeStamp11getInstanceEv  bsp_timestamp.o
    0x0800c66a   0x0800c66a   0x00000006   PAD
    0x0800c670   0x0800c670   0x00000064   Code   RO         2588    .text._ZN9TimeStamp16overflowCallbackEv  bsp_timestamp.o
    0x0800c6d4   0x0800c6d4   0x00000004   PAD
    0x0800c6d8   0x0800c6d8   0x00000034   Code   RO         2586    .text._ZN9TimeStamp4initEP17TIM_HandleTypeDef  bsp_timestamp.o
    0x0800c70c   0x0800c70c   0x00000004   PAD
    0x0800c710   0x0800c710   0x0000000a   Code   RO         2582    .text._ZN9TimeStampC2Ev  bsp_timestamp.o
    0x0800c71a   0x0800c71a   0x00000006   PAD
    0x0800c720   0x0800c720   0x00000006   Code   RO         2730    .text._ZNK10Motor_Base10getCurrentEv  motor_dji.o
    0x0800c726   0x0800c726   0x00000002   PAD
    0x0800c728   0x0800c728   0x00000008   Code   RO         2776    .text._ZNK10Motor_Base12matchesFrameERK8CanFrame  motor_dji.o
    0x0800c730   0x0800c730   0x00000006   Code   RO         2734    .text._ZNK10Motor_Base13getTotalAngleEv  motor_dji.o
    0x0800c736   0x0800c736   0x00000002   PAD
    0x0800c738   0x0800c738   0x0000000e   Code   RO         2740    .text._ZNK10Motor_Base13get_GearRatioEv  motor_dji.o
    0x0800c746   0x0800c746   0x00000002   PAD
    0x0800c748   0x0800c748   0x00000006   Code   RO         2728    .text._ZNK10Motor_Base6getRPMEv  motor_dji.o
    0x0800c74e   0x0800c74e   0x00000002   PAD
    0x0800c750   0x0800c750   0x00000006   Code   RO         2732    .text._ZNK10Motor_Base8getAngleEv  motor_dji.o
    0x0800c756   0x0800c756   0x00000002   PAD
    0x0800c758   0x0800c758   0x0000004a   Code   RO         2862    .text._ZNK8DM_Motor12matchesFrameERK8CanFrame  motor_dm.o
    0x0800c7a2   0x0800c7a2   0x00000006   PAD
    0x0800c7a8   0x0800c7a8   0x0000000c   Code   RO         2560    .text._ZNK8fdCANbus14getFDCANHandleEv  bsp_fdcan_driver.o
    0x0800c7b4   0x0800c7b4   0x00000004   PAD
    0x0800c7b8   0x0800c7b8   0x0000000c   Code   RO         2550    .text._ZNK8fdCANbus8getbusIDEv  bsp_fdcan_driver.o
    0x0800c7c4   0x0800c7c4   0x00000004   PAD
    0x0800c7c8   0x0800c7c8   0x000000ba   Code   RO         2590    .text._ZNK9TimeStamp15getMicrosecondsEv  bsp_timestamp.o
    0x0800c882   0x0800c882   0x00000004   Code   RO         3213    .text._ZdlPv        libcpp_w.l(new.cpp.o)
    0x0800c886   0x0800c886   0x00000004   Code   RO         3217    .text._ZdlPvj       libcpp_w.l(new.cpp.o)
    0x0800c88a   0x0800c88a   0x00000006   PAD
    0x0800c890   0x0800c890   0x00000030   Code   RO          535    .text.__NVIC_EnableIRQ  stm32h7xx_hal_cortex.o
    0x0800c8c0   0x0800c8c0   0x00000010   Code   RO          527    .text.__NVIC_GetPriorityGrouping  stm32h7xx_hal_cortex.o
    0x0800c8d0   0x0800c8d0   0x00000042   Code   RO          529    .text.__NVIC_SetPriority  stm32h7xx_hal_cortex.o
    0x0800c912   0x0800c912   0x00000006   PAD
    0x0800c918   0x0800c918   0x00000042   Code   RO         2428    .text.__NVIC_SetPriority  cmsis_os2.o
    0x0800c95a   0x0800c95a   0x00000006   PAD
    0x0800c960   0x0800c960   0x0000003c   Code   RO          523    .text.__NVIC_SetPriorityGrouping  stm32h7xx_hal_cortex.o
    0x0800c99c   0x0800c99c   0x00000028   Code   RO         3254    .text.__cxa_pure_virtual  libcppabi_w.l(cxa_virtual.cpp.o)
    0x0800c9c4   0x0800c9c4   0x00000004   PAD
    0x0800c9c8   0x0800c9c8   0x00000036   Code   RO         2865    .text.__cxx_global_var_init  frame_demo.o
    0x0800c9fe   0x0800c9fe   0x00000002   PAD
    0x0800ca00   0x0800ca00   0x0000002c   Code   RO         2927    .text.__cxx_global_var_init  setup_configinit.o
    0x0800ca2c   0x0800ca2c   0x00000004   PAD
    0x0800ca30   0x0800ca30   0x0000003e   Code   RO         2867    .text.__cxx_global_var_init.1  frame_demo.o
    0x0800ca6e   0x0800ca6e   0x00000002   PAD
    0x0800ca70   0x0800ca70   0x000000ca   Code   RO         2534    .text.fdcan_global_rx_isr  bsp_fdcan_driver.o
    0x0800cb3a   0x0800cb3a   0x00000006   PAD
    0x0800cb40   0x0800cb40   0x0000006a   Code   RO         2536    .text.fdcan_global_scheduler_tick_isr  bsp_fdcan_driver.o
    0x0800cbaa   0x0800cbaa   0x00000006   PAD
    0x0800cbb0   0x0800cbb0   0x00000054   Code   RO           11    .text.main          main.o
    0x0800cc04   0x0800cc04   0x00000004   PAD
    0x0800cc08   0x0800cc08   0x00000034   Code   RO         2332    .text.osDelay       cmsis_os2.o
    0x0800cc3c   0x0800cc3c   0x00000004   PAD
    0x0800cc40   0x0800cc40   0x00000046   Code   RO         2266    .text.osKernelInitialize  cmsis_os2.o
    0x0800cc86   0x0800cc86   0x00000002   PAD
    0x0800cc88   0x0800cc88   0x00000052   Code   RO         2272    .text.osKernelStart  cmsis_os2.o
    0x0800ccda   0x0800ccda   0x00000006   PAD
    0x0800cce0   0x0800cce0   0x0000015a   Code   RO         2296    .text.osThreadNew   cmsis_os2.o
    0x0800ce3a   0x0800ce3a   0x00000006   PAD
    0x0800ce40   0x0800ce40   0x000000d4   Code   RO         2058    .text.prvAddCurrentTaskToDelayedList  tasks.o
    0x0800cf14   0x0800cf14   0x00000004   PAD
    0x0800cf18   0x0800cf18   0x00000122   Code   RO         2044    .text.prvAddNewTaskToReadyList  tasks.o
    0x0800d03a   0x0800d03a   0x00000006   PAD
    0x0800d040   0x0800d040   0x000000a2   Code   RO         2195    .text.prvCheckForValidListAndQueue  timers.o
    0x0800d0e2   0x0800d0e2   0x00000006   PAD
    0x0800d0e8   0x0800d0e8   0x0000005a   Code   RO         2162    .text.prvCheckTasksWaitingTermination  tasks.o
    0x0800d142   0x0800d142   0x00000006   PAD
    0x0800d148   0x0800d148   0x00000042   Code   RO         1937    .text.prvCopyDataFromQueue  queue.o
    0x0800d18a   0x0800d18a   0x00000006   PAD
    0x0800d190   0x0800d190   0x000000cc   Code   RO         1925    .text.prvCopyDataToQueue  queue.o
    0x0800d25c   0x0800d25c   0x00000004   PAD
    0x0800d260   0x0800d260   0x0000005e   Code   RO         2050    .text.prvDeleteTCB  tasks.o
    0x0800d2be   0x0800d2be   0x00000002   PAD
    0x0800d2c0   0x0800d2c0   0x00000026   Code   RO         1941    .text.prvGetDisinheritPriorityAfterTimeout  queue.o
    0x0800d2e6   0x0800d2e6   0x00000002   PAD
    0x0800d2e8   0x0800d2e8   0x00000040   Code   RO         2233    .text.prvGetNextExpireTime  timers.o
    0x0800d328   0x0800d328   0x000000bc   Code   RO         2445    .text.prvHeapInit   heap_4.o
    0x0800d3e4   0x0800d3e4   0x00000004   PAD
    0x0800d3e8   0x0800d3e8   0x00000038   Code   RO         2084    .text.prvIdleTask   tasks.o
    0x0800d420   0x0800d420   0x0000002c   Code   RO         1905    .text.prvInitialiseMutex  queue.o
    0x0800d44c   0x0800d44c   0x00000004   PAD
    0x0800d450   0x0800d450   0x00000048   Code   RO         1899    .text.prvInitialiseNewQueue  queue.o
    0x0800d498   0x0800d498   0x00000122   Code   RO         2042    .text.prvInitialiseNewTask  tasks.o
    0x0800d5ba   0x0800d5ba   0x00000006   PAD
    0x0800d5c0   0x0800d5c0   0x0000008e   Code   RO         2160    .text.prvInitialiseTaskLists  tasks.o
    0x0800d64e   0x0800d64e   0x00000002   PAD
    0x0800d650   0x0800d650   0x000000c6   Code   RO         2447    .text.prvInsertBlockIntoFreeList  heap_4.o
    0x0800d716   0x0800d716   0x00000002   PAD
    0x0800d718   0x0800d718   0x00000086   Code   RO         2245    .text.prvInsertTimerInActiveList  timers.o
    0x0800d79e   0x0800d79e   0x00000002   PAD
    0x0800d7a0   0x0800d7a0   0x00000028   Code   RO         1939    .text.prvIsQueueEmpty  queue.o
    0x0800d7c8   0x0800d7c8   0x0000002e   Code   RO         1927    .text.prvIsQueueFull  queue.o
    0x0800d7f6   0x0800d7f6   0x00000002   PAD
    0x0800d7f8   0x0800d7f8   0x00000028   Code   RO         2486    .text.prvPortStartFirstTask  port.o
    0x0800d820   0x0800d820   0x0000008e   Code   RO         2241    .text.prvProcessExpiredTimer  timers.o
    0x0800d8ae   0x0800d8ae   0x00000002   PAD
    0x0800d8b0   0x0800d8b0   0x00000192   Code   RO         2237    .text.prvProcessReceivedCommands  timers.o
    0x0800da42   0x0800da42   0x00000006   PAD
    0x0800da48   0x0800da48   0x0000009a   Code   RO         2235    .text.prvProcessTimerOrBlockTask  timers.o
    0x0800dae2   0x0800dae2   0x00000006   PAD
    0x0800dae8   0x0800dae8   0x00000046   Code   RO         2052    .text.prvResetNextTaskUnblockTime  tasks.o
    0x0800db2e   0x0800db2e   0x00000002   PAD
    0x0800db30   0x0800db30   0x00000044   Code   RO         2239    .text.prvSampleTimeNow  timers.o
    0x0800db74   0x0800db74   0x00000004   PAD
    0x0800db78   0x0800db78   0x000000d4   Code   RO         2243    .text.prvSwitchTimerLists  timers.o
    0x0800dc4c   0x0800dc4c   0x00000004   PAD
    0x0800dc50   0x0800dc50   0x0000004c   Code   RO         2476    .text.prvTaskExitError  port.o
    0x0800dc9c   0x0800dc9c   0x00000004   PAD
    0x0800dca0   0x0800dca0   0x0000001e   Code   RO         2197    .text.prvTimerTask  timers.o
    0x0800dcbe   0x0800dcbe   0x00000002   PAD
    0x0800dcc0   0x0800dcc0   0x000000ae   Code   RO         1929    .text.prvUnlockQueue  queue.o
    0x0800dd6e   0x0800dd6e   0x00000002   PAD
    0x0800dd70   0x0800dd70   0x000001ec   Code   RO         2443    .text.pvPortMalloc  heap_4.o
    0x0800df5c   0x0800df5c   0x00000004   PAD
    0x0800df60   0x0800df60   0x0000002c   Code   RO         2144    .text.pvTaskIncrementMutexHeldCount  tasks.o
    0x0800df8c   0x0800df8c   0x00000004   PAD
    0x0800df90   0x0800df90   0x0000005e   Code   RO         2474    .text.pxPortInitialiseStack  port.o
    0x0800dfee   0x0800dfee   0x0000002c   Code   RO         3245    .text.unlikely.__cxa_guard_acquire  libcppabi_w.l(cxa_guard.cpp.o)
    0x0800e01a   0x0800e01a   0x00000008   Code   RO         3247    .text.unlikely.__cxa_guard_release  libcppabi_w.l(cxa_guard.cpp.o)
    0x0800e022   0x0800e022   0x00000004   Code   RO         3404    .text.unlikely.abort_message  libcppabi_w.l(abort_message.cpp.o)
    0x0800e026   0x0800e026   0x00000002   PAD
    0x0800e028   0x0800e028   0x00000048   Code   RO         1886    .text.uxListRemove  list.o
    0x0800e070   0x0800e070   0x0000002a   Code   RO         2424    .text.vApplicationGetIdleTaskMemory  cmsis_os2.o
    0x0800e09a   0x0800e09a   0x00000006   PAD
    0x0800e0a0   0x0800e0a0   0x0000002c   Code   RO         2426    .text.vApplicationGetTimerTaskMemory  cmsis_os2.o
    0x0800e0cc   0x0800e0cc   0x00000004   PAD
    0x0800e0d0   0x0800e0d0   0x0000002e   Code   RO         1878    .text.vListInitialise  list.o
    0x0800e0fe   0x0800e0fe   0x00000002   PAD
    0x0800e100   0x0800e100   0x0000000e   Code   RO         1880    .text.vListInitialiseItem  list.o
    0x0800e10e   0x0800e10e   0x00000002   PAD
    0x0800e110   0x0800e110   0x0000006a   Code   RO         1884    .text.vListInsert   list.o
    0x0800e17a   0x0800e17a   0x00000006   PAD
    0x0800e180   0x0800e180   0x0000003a   Code   RO         1882    .text.vListInsertEnd  list.o
    0x0800e1ba   0x0800e1ba   0x00000006   PAD
    0x0800e1c0   0x0800e1c0   0x00000014   Code   RO         2484    .text.vPortEnableVFP  port.o
    0x0800e1d4   0x0800e1d4   0x00000004   PAD
    0x0800e1d8   0x0800e1d8   0x00000056   Code   RO         2490    .text.vPortEnterCritical  port.o
    0x0800e22e   0x0800e22e   0x00000002   PAD
    0x0800e230   0x0800e230   0x0000004a   Code   RO         2492    .text.vPortExitCritical  port.o
    0x0800e27a   0x0800e27a   0x00000006   PAD
    0x0800e280   0x0800e280   0x000000ce   Code   RO         2449    .text.vPortFree     heap_4.o
    0x0800e34e   0x0800e34e   0x00000002   PAD
    0x0800e350   0x0800e350   0x00000044   Code   RO         2482    .text.vPortSetupTimerInterrupt  port.o
    0x0800e394   0x0800e394   0x00000004   PAD
    0x0800e398   0x0800e398   0x00000084   Code   RO         2498    .text.vPortValidateInterruptPriority  port.o
    0x0800e41c   0x0800e41c   0x00000004   PAD
    0x0800e420   0x0800e420   0x00000052   Code   RO         1969    .text.vQueueAddToRegistry  queue.o
    0x0800e472   0x0800e472   0x00000006   PAD
    0x0800e478   0x0800e478   0x00000044   Code   RO         1955    .text.vQueueDelete  queue.o
    0x0800e4bc   0x0800e4bc   0x00000004   PAD
    0x0800e4c0   0x0800e4c0   0x00000054   Code   RO         1957    .text.vQueueUnregisterQueue  queue.o
    0x0800e514   0x0800e514   0x00000004   PAD
    0x0800e518   0x0800e518   0x00000064   Code   RO         1973    .text.vQueueWaitForMessageRestricted  queue.o
    0x0800e57c   0x0800e57c   0x00000004   PAD
    0x0800e580   0x0800e580   0x0000006e   Code   RO         2062    .text.vTaskDelay    tasks.o
    0x0800e5ee   0x0800e5ee   0x00000002   PAD
    0x0800e5f0   0x0800e5f0   0x0000010e   Code   RO         2048    .text.vTaskDelete   tasks.o
    0x0800e6fe   0x0800e6fe   0x00000002   PAD
    0x0800e700   0x0800e700   0x00000024   Code   RO         2116    .text.vTaskInternalSetTimeOutState  tasks.o
    0x0800e724   0x0800e724   0x00000004   PAD
    0x0800e728   0x0800e728   0x0000000e   Code   RO         2120    .text.vTaskMissedYield  tasks.o
    0x0800e736   0x0800e736   0x00000002   PAD
    0x0800e738   0x0800e738   0x00000042   Code   RO         2104    .text.vTaskPlaceOnEventList  tasks.o
    0x0800e77a   0x0800e77a   0x00000006   PAD
    0x0800e780   0x0800e780   0x00000052   Code   RO         2108    .text.vTaskPlaceOnEventListRestricted  tasks.o
    0x0800e7d2   0x0800e7d2   0x00000006   PAD
    0x0800e7d8   0x0800e7d8   0x00000134   Code   RO         2140    .text.vTaskPriorityDisinheritAfterTimeout  tasks.o
    0x0800e90c   0x0800e90c   0x00000004   PAD
    0x0800e910   0x0800e910   0x000000e0   Code   RO         2082    .text.vTaskStartScheduler  tasks.o
    0x0800e9f0   0x0800e9f0   0x00000010   Code   RO         2056    .text.vTaskSuspendAll  tasks.o
    0x0800ea00   0x0800ea00   0x000000c6   Code   RO         2074    .text.vTaskSwitchContext  tasks.o
    0x0800eac6   0x0800eac6   0x00000002   PAD
    0x0800eac8   0x0800eac8   0x00000156   Code   RO         2480    .text.xPortStartScheduler  port.o
    0x0800ec1e   0x0800ec1e   0x00000002   PAD
    0x0800ec20   0x0800ec20   0x0000003c   Code   RO         2496    .text.xPortSysTickHandler  port.o
    0x0800ec5c   0x0800ec5c   0x00000004   PAD
    0x0800ec60   0x0800ec60   0x00000026   Code   RO         1903    .text.xQueueCreateMutex  queue.o
    0x0800ec86   0x0800ec86   0x00000002   PAD
    0x0800ec88   0x0800ec88   0x00000074   Code   RO         1901    .text.xQueueGenericCreate  queue.o
    0x0800ecfc   0x0800ecfc   0x00000004   PAD
    0x0800ed00   0x0800ed00   0x0000010e   Code   RO         1897    .text.xQueueGenericCreateStatic  queue.o
    0x0800ee0e   0x0800ee0e   0x00000002   PAD
    0x0800ee10   0x0800ee10   0x000000ba   Code   RO         1895    .text.xQueueGenericReset  queue.o
    0x0800eeca   0x0800eeca   0x00000006   PAD
    0x0800eed0   0x0800eed0   0x0000022c   Code   RO         1915    .text.xQueueGenericSend  queue.o
    0x0800f0fc   0x0800f0fc   0x00000004   PAD
    0x0800f100   0x0800f100   0x0000014c   Code   RO         1931    .text.xQueueGenericSendFromISR  queue.o
    0x0800f24c   0x0800f24c   0x00000004   PAD
    0x0800f250   0x0800f250   0x00000124   Code   RO         1933    .text.xQueueGiveFromISR  queue.o
    0x0800f374   0x0800f374   0x00000004   PAD
    0x0800f378   0x0800f378   0x000001dc   Code   RO         1935    .text.xQueueReceive  queue.o
    0x0800f554   0x0800f554   0x00000004   PAD
    0x0800f558   0x0800f558   0x0000022c   Code   RO         1919    .text.xQueueSemaphoreTake  queue.o
    0x0800f784   0x0800f784   0x00000004   PAD
    0x0800f788   0x0800f788   0x000000cc   Code   RO         2118    .text.xTaskCheckForTimeOut  tasks.o
    0x0800f854   0x0800f854   0x00000004   PAD
    0x0800f858   0x0800f858   0x0000009e   Code   RO         2046    .text.xTaskCreate   tasks.o
    0x0800f8f6   0x0800f8f6   0x00000002   PAD
    0x0800f8f8   0x0800f8f8   0x000000ce   Code   RO         2040    .text.xTaskCreateStatic  tasks.o
    0x0800f9c6   0x0800f9c6   0x00000002   PAD
    0x0800f9c8   0x0800f9c8   0x00000038   Code   RO         2134    .text.xTaskGetSchedulerState  tasks.o
    0x0800fa00   0x0800fa00   0x00000014   Code   RO         2090    .text.xTaskGetTickCount  tasks.o
    0x0800fa14   0x0800fa14   0x00000004   PAD
    0x0800fa18   0x0800fa18   0x000001c4   Code   RO         2088    .text.xTaskIncrementTick  tasks.o
    0x0800fbdc   0x0800fbdc   0x00000004   PAD
    0x0800fbe0   0x0800fbe0   0x000000ec   Code   RO         2138    .text.xTaskPriorityDisinherit  tasks.o
    0x0800fccc   0x0800fccc   0x00000004   PAD
    0x0800fcd0   0x0800fcd0   0x0000010e   Code   RO         2136    .text.xTaskPriorityInherit  tasks.o
    0x0800fdde   0x0800fdde   0x00000002   PAD
    0x0800fde0   0x0800fde0   0x000000ce   Code   RO         2110    .text.xTaskRemoveFromEventList  tasks.o
    0x0800feae   0x0800feae   0x00000002   PAD
    0x0800feb0   0x0800feb0   0x00000186   Code   RO         2060    .text.xTaskResumeAll  tasks.o
    0x08010036   0x08010036   0x00000002   PAD
    0x08010038   0x08010038   0x00000094   Code   RO         2193    .text.xTimerCreateTimerTask  timers.o
    0x080100cc   0x080100cc   0x00000004   PAD
    0x080100d0   0x080100d0   0x000000b0   Code   RO         2205    .text.xTimerGenericCommand  timers.o
    0x08010180   0x08010180   0x00000060   Code   RO         3202    x$fpl$ffltll        fz_wm.l(ffltll_clz.o)
    0x080101e0   0x080101e0   0x0000001a   Code   RO         3504    x$fpl$fpinit        fz_wm.l(fpinit.o)
    0x080101fa   0x080101fa   0x00000000   Code   RO         3397    x$fpl$usenofp       fz_wm.l(usenofp.o)
    0x080101fa   0x080101fa   0x00000002   PAD
    0x080101fc   0x080101fc   0x0000004c   Data   RO          798    .rodata..L__const.HAL_FDCAN_Init.CvtEltSize  stm32h7xx_hal_fdcan.o
    0x08010248   0x08010248   0x00000010   Data   RO         1832    .rodata.D1CorePrescTable  system_stm32h7xx.o
    0x08010258   0x08010258   0x00000010   Data   RO          799    .rodata.DLCtoBytes  stm32h7xx_hal_fdcan.o
    0x08010268   0x08010268   0x00000008   Data   RO         1094    .rodata.DMA_CalcBaseAndBitshift.flagBitshiftOffset  stm32h7xx_hal_dma.o
    0x08010270   0x08010270   0x00000008   Data   RO         1816    .rodata.UARTEx_SetNbDataToProcess.denominator  stm32h7xx_hal_uart_ex.o
    0x08010278   0x08010278   0x00000008   Data   RO         1815    .rodata.UARTEx_SetNbDataToProcess.numerator  stm32h7xx_hal_uart_ex.o
    0x08010280   0x08010280   0x00000018   Data   RO         1771    .rodata.UARTPrescTable  stm32h7xx_hal_uart.o
    0x08010298   0x08010298   0x00000044   Data   RO         2786    .rodata._ZTV10Motor_Base  motor_dji.o
    0x080102dc   0x080102dc   0x00000018   Data   RO         2894    .rodata._ZTV12DM_MotorDemo  frame_demo.o
    0x080102f4   0x080102f4   0x00000044   Data   RO         2850    .rodata._ZTV8DM_Motor  motor_dm.o
    0x08010338   0x08010338   0x00000018   Data   RO         2580    .rodata._ZTV8RtosTask  bsp_fdcan_driver.o
    0x08010350   0x08010350   0x00000018   Data   RO         2542    .rodata._ZTVN8fdCANbus6RxTaskE  bsp_fdcan_driver.o
    0x08010368   0x08010368   0x00000018   Data   RO         2543    .rodata._ZTVN8fdCANbus9SchedTaskE  bsp_fdcan_driver.o
    0x08010380   0x08010380   0x00000024   Data   RO           42    .rodata.defaultTask_attributes  freertos.o
    0x080103a4   0x080103a4   0x0000000c   Data   RO           41    .rodata.str1.1      freertos.o
    0x080103b0   0x080103b0   0x00000005   Data   RO         2178    .rodata.str1.1      tasks.o
    0x080103b5   0x080103b5   0x0000000d   Data   RO         2248    .rodata.str1.1      timers.o
    0x080103c2   0x080103c2   0x00000011   Data   RO         2541    .rodata.str1.1      bsp_fdcan_driver.o
    0x080103d3   0x080103d3   0x00000019   Data   RO         2892    .rodata.str1.1      frame_demo.o
    0x080103ec   0x080103ec   0x0000000d   Data   RO         2934    .rodata.str1.1      setup_configinit.o
    0x080103f9   0x080103f9   0x00000093   Data   RO         3251    .rodata.str1.1      libcppabi_w.l(cxa_guard.cpp.o)
    0x0801048c   0x0801048c   0x00000020   Data   RO         3879    Region$$Table       anon$$obj.o
    0x080104ac   0x080104ac   0x00000004   Data   RO         2895    .init_array         frame_demo.o
    0x080104b0   0x080104ac   0x00000004   Data   RO         2935    .init_array         setup_configinit.o
    0x080104b4   0x080104ac   0x00000000   Data   RO         3197    .init_array         c_w.l(init_aeabi.o)


    Execution Region RW_IRAM1 (Exec base: 0x20000000, Load base: 0x080104b4, Size: 0x00000000, Max: 0x00020000, ABSOLUTE)

    **** No section assigned to this execution region ****


    Execution Region RW_IRAM2 (Exec base: 0x24000000, Load base: 0x080104b8, Size: 0x00005608, Max: 0x00050000, ABSOLUTE)

    Exec Addr    Load Addr    Size         Type   Attr      Idx    E Section Name        Object

    0x24000000   0x080104b8   0x00000004   Data   RW         3493    .data               c_w.l(cxa_finalize.o)
    0x24000004   0x080104bc   0x00000004   Data   RW         3496    .data               c_w.l(atexit_init.o)
    0x24000008   0x080104c0   0x00000004   Data   RW         1830    .data.SystemCoreClock  system_stm32h7xx.o
    0x2400000c   0x080104c4   0x00000004   Data   RW         1831    .data.SystemD2Clock  system_stm32h7xx.o
    0x24000010   0x080104c8   0x00000001   Data   RW         1409    .data.uwTickFreq    stm32h7xx_hal.o
    0x24000011   0x080104c9   0x00000003   PAD
    0x24000014   0x080104cc   0x00000004   Data   RW         1408    .data.uwTickPrio    stm32h7xx_hal.o
    0x24000018   0x080104d0   0x00000004   Data   RW         2502    .data.uxCriticalNesting  port.o
    0x2400001c   0x080104d4   0x00000004   PAD
    0x24000020        -       0x00000060   Zero   RW         3530    .bss                c_w.l(libspace.o)
    0x24000080        -       0x00000060   Zero   RW         2879    .bss.CAN2_Bus       frame_demo.o
    0x240000e0        -       0x00000004   Zero   RW           72    .bss.HAL_RCC_FDCAN_CLK_ENABLED  fdcan.o
    0x240000e4        -       0x00000004   Zero   RW         2430    .bss.KernelState    cmsis_os2.o
    0x240000e8        -       0x00000004   Zero   RW         2599    .bss._ZGVZN9TimeStamp11getInstanceEvE8instance  bsp_timestamp.o
    0x240000ec        -       0x0000000c   Zero   RW         2540    .bss._ZL15g_fdcan_bus_map  bsp_fdcan_driver.o
    0x240000f8        -       0x00000008   Zero   RW         2597    .bss._ZN9TimeStamp17s_overflow_count_E  bsp_timestamp.o
    0x24000100        -       0x00000004   Zero   RW         2596    .bss._ZN9TimeStamp7s_htim_E  bsp_timestamp.o
    0x24000104        -       0x00000001   Zero   RW         2598    .bss._ZZN9TimeStamp11getInstanceEvE8instance  bsp_timestamp.o
    0x24000105   0x080104d4   0x00000003   PAD
    0x24000108        -       0x00000004   Zero   RW           43    .bss.defaultTaskHandle  freertos.o
    0x2400010c        -       0x00000004   Zero   RW         2890    .bss.delta_time     frame_demo.o
    0x24000110        -       0x00000144   Zero   RW         2880    .bss.dm_motor       frame_demo.o
    0x24000254        -       0x0000007c   Zero   RW         2933    .bss.dm_motor_demo  setup_configinit.o
    0x240002d0        -       0x00000078   Zero   RW          104    .bss.hdma_usart1_tx  usart.o
    0x24000348        -       0x000000a0   Zero   RW           69    .bss.hfdcan1        fdcan.o
    0x240003e8        -       0x000000a0   Zero   RW           70    .bss.hfdcan2        fdcan.o
    0x24000488        -       0x000000a0   Zero   RW           71    .bss.hfdcan3        fdcan.o
    0x24000528        -       0x0000004c   Zero   RW           88    .bss.htim4          tim.o
    0x24000574        -       0x0000004c   Zero   RW           89    .bss.htim6          tim.o
    0x240005c0        -       0x0000004c   Zero   RW          161    .bss.htim8          stm32h7xx_hal_timebase_tim.o
    0x2400060c        -       0x00000094   Zero   RW          103    .bss.huart1         usart.o
    0x240006a0        -       0x00000008   Zero   RW         2891    .bss.last_time      frame_demo.o
    0x240006a8        -       0x000000a0   Zero   RW         2256    .bss.prvCheckForValidListAndQueue.ucStaticTimerQueueStorage  timers.o
    0x24000748        -       0x00000050   Zero   RW         2255    .bss.prvCheckForValidListAndQueue.xStaticTimerQueue  timers.o
    0x24000798        -       0x00000004   Zero   RW         2252    .bss.prvSampleTimeNow.xLastTime  timers.o
    0x2400079c        -       0x00000004   Zero   RW         2164    .bss.pxCurrentTCB   tasks.o
    0x240007a0        -       0x00000004   Zero   RW         2250    .bss.pxCurrentTimerList  timers.o
    0x240007a4        -       0x00000004   Zero   RW         2172    .bss.pxDelayedTaskList  tasks.o
    0x240007a8        -       0x00000004   Zero   RW         2459    .bss.pxEnd          heap_4.o
    0x240007ac        -       0x00000004   Zero   RW         2173    .bss.pxOverflowDelayedTaskList  tasks.o
    0x240007b0        -       0x00000004   Zero   RW         2251    .bss.pxOverflowTimerList  timers.o
    0x240007b4        -       0x00000460   Zero   RW         2175    .bss.pxReadyTasksLists  tasks.o
    0x24000c14        -       0x00000001   Zero   RW         2884    .bss.start_signal   frame_demo.o
    0x24000c15   0x080104d4   0x00000003   PAD
    0x24000c18        -       0x00000004   Zero   RW         2886    .bss.test_pos       frame_demo.o
    0x24000c1c        -       0x00000004   Zero   RW         2885    .bss.test_rpm       frame_demo.o
    0x24000c20        -       0x00003c00   Zero   RW         2466    .bss.ucHeap         heap_4.o
    0x24004820        -       0x00000001   Zero   RW         2500    .bss.ucMaxSysCallPriority  port.o
    0x24004821   0x080104d4   0x00000003   PAD
    0x24004824        -       0x00000004   Zero   RW         2501    .bss.ulMaxPRIGROUPValue  port.o
    0x24004828        -       0x00000004   Zero   RW         1410    .bss.uwTick         stm32h7xx_hal.o
    0x2400482c        -       0x00000004   Zero   RW         2168    .bss.uxCurrentNumberOfTasks  tasks.o
    0x24004830        -       0x00000004   Zero   RW         2167    .bss.uxDeletedTasksWaitingCleanUp  tasks.o
    0x24004834        -       0x00000004   Zero   RW         2170    .bss.uxSchedulerSuspended  tasks.o
    0x24004838        -       0x00000004   Zero   RW         2165    .bss.uxTaskNumber   tasks.o
    0x2400483c        -       0x00000004   Zero   RW         2176    .bss.uxTopReadyPriority  tasks.o
    0x24004840        -       0x00000200   Zero   RW         2433    .bss.vApplicationGetIdleTaskMemory.Idle_Stack  cmsis_os2.o
    0x24004a40        -       0x0000005c   Zero   RW         2432    .bss.vApplicationGetIdleTaskMemory.Idle_TCB  cmsis_os2.o
    0x24004a9c        -       0x00000400   Zero   RW         2435    .bss.vApplicationGetTimerTaskMemory.Timer_Stack  cmsis_os2.o
    0x24004e9c        -       0x0000005c   Zero   RW         2434    .bss.vApplicationGetTimerTaskMemory.Timer_TCB  cmsis_os2.o
    0x24004ef8        -       0x00000014   Zero   RW         2253    .bss.xActiveTimerList1  timers.o
    0x24004f0c        -       0x00000014   Zero   RW         2254    .bss.xActiveTimerList2  timers.o
    0x24004f20        -       0x00000004   Zero   RW         2460    .bss.xBlockAllocatedBit  heap_4.o
    0x24004f24        -       0x00000014   Zero   RW         2184    .bss.xDelayedTaskList1  tasks.o
    0x24004f38        -       0x00000014   Zero   RW         2185    .bss.xDelayedTaskList2  tasks.o
    0x24004f4c        -       0x00000004   Zero   RW         2461    .bss.xFreeBytesRemaining  heap_4.o
    0x24004f50        -       0x00000004   Zero   RW         2179    .bss.xIdleTaskHandle  tasks.o
    0x24004f54        -       0x00000004   Zero   RW         2463    .bss.xMinimumEverFreeBytesRemaining  heap_4.o
    0x24004f58        -       0x00000004   Zero   RW         2180    .bss.xNextTaskUnblockTime  tasks.o
    0x24004f5c        -       0x00000004   Zero   RW         2183    .bss.xNumOfOverflows  tasks.o
    0x24004f60        -       0x00000004   Zero   RW         2464    .bss.xNumberOfSuccessfulAllocations  heap_4.o
    0x24004f64        -       0x00000004   Zero   RW         2465    .bss.xNumberOfSuccessfulFrees  heap_4.o
    0x24004f68        -       0x00000004   Zero   RW         2182    .bss.xPendedTicks   tasks.o
    0x24004f6c        -       0x00000014   Zero   RW         2177    .bss.xPendingReadyList  tasks.o
    0x24004f80        -       0x00000040   Zero   RW         1975    .bss.xQueueRegistry  queue.o
    0x24004fc0        -       0x00000004   Zero   RW         2169    .bss.xSchedulerRunning  tasks.o
    0x24004fc4        -       0x00000008   Zero   RW         2462    .bss.xStart         heap_4.o
    0x24004fcc        -       0x00000014   Zero   RW         2174    .bss.xSuspendedTaskList  tasks.o
    0x24004fe0        -       0x00000014   Zero   RW         2166    .bss.xTasksWaitingTermination  tasks.o
    0x24004ff4        -       0x00000004   Zero   RW         2171    .bss.xTickCount     tasks.o
    0x24004ff8        -       0x00000004   Zero   RW         2247    .bss.xTimerQueue    timers.o
    0x24004ffc        -       0x00000004   Zero   RW         2249    .bss.xTimerTaskHandle  timers.o
    0x24005000        -       0x00000004   Zero   RW         2181    .bss.xYieldPending  tasks.o
    0x24005004   0x080104d4   0x00000004   PAD
    0x24005008        -       0x00000200   Zero   RW            2    HEAP                startup_stm32h723xx.o
    0x24005208        -       0x00000400   Zero   RW            1    STACK               startup_stm32h723xx.o


==============================================================================

Image component sizes


      Code (inc. data)   RO Data    RW Data    ZI Data      Debug   Object Name

      1774          0         89          0         12      24850   bsp_fdcan_driver.o
       422          0          0          0         17      16488   bsp_timestamp.o
       746          0          0          0       1724      36559   cmsis_os2.o
        56          0          0          0          0       5254   dma.o
       976          0          0          0        484      11930   fdcan.o
       924          0         53          0        441      28600   frame_demo.o
        52          0         48          0          4       2699   freertos.o
       126          0          0          0          0       2336   gpio.o
      1084          0          0          0      15392       4445   heap_4.o
       296          0          0          0          0       2248   list.o
       472          0          0          0          0      23094   main.o
       518          0         68          0          0      36679   motor_dji.o
      1656         26         68          0          0      27632   motor_dm.o
      1128         16          0          4          5       3859   port.o
      3840          0          0          0         64      17305   queue.o
       162          0         17          0        124      22375   setup_configinit.o
        72         30        716          0       1536        836   startup_stm32h723xx.o
       160          0          0          5          4      14649   stm32h7xx_hal.o
       590          0          0          0          0      11529   stm32h7xx_hal_cortex.o
     12446          8          8          0          0      12508   stm32h7xx_hal_dma.o
      5112          0         92          0          0      33600   stm32h7xx_hal_fdcan.o
       936          0          0          0          0       7036   stm32h7xx_hal_gpio.o
        50          0          0          0          0       5285   stm32h7xx_hal_msp.o
       162          0          0          0          0       9354   stm32h7xx_hal_pwr_ex.o
      4830         66          0          0          0      11425   stm32h7xx_hal_rcc.o
      6358         96          0          0          0      18677   stm32h7xx_hal_rcc_ex.o
      2266          0          0          0          0      37589   stm32h7xx_hal_tim.o
       404          0          0          0          0      18166   stm32h7xx_hal_tim_ex.o
       200          0          0          0         76       9564   stm32h7xx_hal_timebase_tim.o
      6116        342         24          0          0      29466   stm32h7xx_hal_uart.o
       562          0         16          0          0       8924   stm32h7xx_hal_uart_ex.o
       150          0          0          0          0       1583   stm32h7xx_it.o
       398          0         16          8          0       5585   system_stm32h7xx.o
      4810          0          5          0       1280      24158   tasks.o
       374          0          0          0        152       9793   tim.o
      1692         10         13          0        300      11611   timers.o
       414          0          0          0        268      11245   usart.o

    ----------------------------------------------------------------------
     63220        610       1265         20      21900     558936   Object Totals
         0          0         32          0          0          0   (incl. Generated)
       886         16          0          3         17          0   (incl. Padding)

    ----------------------------------------------------------------------

      Code (inc. data)   RO Data    RW Data    ZI Data      Debug   Library Member Name

         8          0          0          0          0         68   __main.o
         0          0          0          0          0          0   __rtentry.o
        12          0          0          0          0          0   __rtentry2.o
         6          0          0          0          0          0   __rtentry4.o
        94          8          0          0          0          0   __scatter.o
        26          0          0          0          0          0   __scatter_copy.o
        28          0          0          0          0          0   __scatter_zi.o
        22          0          0          0          0         80   abort.o
        72          8          0          0          0         84   aeabi_atexit.o
        16          0          0          0          0         68   aeabi_memset4.o
        12          6          0          4          0         68   atexit_init.o
        10          0          0          0          0         68   cxa_atexit.o
       100          8          0          4          0         88   cxa_finalize.o
        48         34          0          0          0         76   defsig_abrt_inner.o
        14          0          0          0          0         80   defsig_abrt_outer.o
        10          0          0          0          0         68   defsig_exit.o
        50          0          0          0          0         88   defsig_general.o
        80         58          0          0          0         76   defsig_rtmem_inner.o
        14          0          0          0          0         80   defsig_rtmem_outer.o
        18          0          0          0          0         80   exit.o
        94          0          0          0          0         80   h1_alloc.o
        52          0          0          0          0         68   h1_extend.o
        78          0          0          0          0         80   h1_free.o
        12          0          0          0          0         84   h1_init.o
         6          0          0          0          0        152   heapauxi.o
         4          0          0          0          0        136   hguard.o
         0          0          0          0          0          0   indicate_semi.o
        44          8          0          0          0         80   init_aeabi.o
       138          0          0          0          0        168   init_alloc.o
         2          0          0          0          0          0   libinit.o
        22          0          0          0          0          0   libinit2.o
         2          0          0          0          0          0   libshutdown.o
         8          0          0          0          0          0   libshutdown2.o
         8          4          0          0         96         68   libspace.o
       240          0          0          0          0        100   lludivv7m.o
         0          0          0          0          0          0   maybetermalloc1.o
         4          0          0          0          0         68   mutex_dummy.o
         8          4          0          0          0         68   rt_ddtor_pointer_addr_intlibspace.o
         8          4          0          0          0         68   rt_heap_descriptor_intlibspace.o
        78          0          0          0          0         80   rt_memclr_w.o
       138          0          0          0          0         68   rt_memcpy_v6.o
       100          0          0          0          0         80   rt_memcpy_w.o
         2          0          0          0          0          0   rtexit.o
        10          0          0          0          0          0   rtexit2.o
        62          0          0          0          0         76   strlen.o
        12          4          0          0          0         68   sys_exit.o
        74          0          0          0          0         80   sys_stackheap_outer.o
        14          0          0          0          0         76   sys_wrch.o
         2          0          0          0          0         68   use_no_semi.o
        96          0          0          0          0        132   ffltll_clz.o
        26          0          0          0          0        116   fpinit.o
         0          0          0          0          0          0   usenofp.o
         8          0          0          0          0        412   new.cpp.o
         4          0          0          0          0         36   abort_message.cpp.o
        52          0        147          0          0         76   cxa_guard.cpp.o
        40         32          0          0          0         52   cxa_virtual.cpp.o

    ----------------------------------------------------------------------
      2108        182        147          8         96       3712   Library Totals
        20          4          0          0          0          0   (incl. Padding)

    ----------------------------------------------------------------------

      Code (inc. data)   RO Data    RW Data    ZI Data      Debug   Library Name

      1862        146          0          8         96       2888   c_w.l
       122          0          0          0          0        248   fz_wm.l
         8          0          0          0          0        412   libcpp_w.l
        96         32        147          0          0        164   libcppabi_w.l

    ----------------------------------------------------------------------
      2108        182        147          8         96       3712   Library Totals

    ----------------------------------------------------------------------

==============================================================================


      Code (inc. data)   RO Data    RW Data    ZI Data      Debug   

     65328        792       1412         28      21996     560172   Grand Totals
     65328        792       1412         28      21996     560172   ELF Image Totals
     65328        792       1412         28          0          0   ROM Totals

==============================================================================

    Total RO  Size (Code + RO Data)                66740 (  65.18kB)
    Total RW  Size (RW Data + ZI Data)             22024 (  21.51kB)
    Total ROM Size (Code + RO Data + RW Data)      66768 (  65.20kB)

==============================================================================

