<html>
<body>
<pre>
<h1>礦ision Build Log</h1>
<h2>Tool Versions:</h2>
IDE-Version: μVision V5.43.1.0
Copyright (C) 2025 ARM Ltd and ARM Germany GmbH. All rights reserved.
License Information: 庄 际操, 广东工业大学, LIC=LSNXV-P9J1S-GK9BG-VBY6L-YPS1H-LJZ84
 
Tool Versions:
Toolchain:       MDK-ARM Plus  Version: 5.43.0.0
Toolchain Path:  D:\keil5\ARM\ARMCLANG\Bin
C Compiler:      ArmClang.exe V6.24
Assembler:       Armasm.exe V6.24
Linker/Locator:  ArmLink.exe V6.24
Library Manager: ArmAr.exe V6.24
Hex Converter:   FromElf.exe V6.24
CPU DLL:         SARMCM3.DLL V5.43.0.0
Dialog DLL:      DCM.DLL V1.17.5.0
Target DLL:      STLink\ST-LINKIII-KEIL_SWO.dll V3.3.1.0
Dialog DLL:      TCM.DLL V1.56.6.0
 
<h2>Project:</h2>
D:\desktop\RC10_LIB-FrameWork-main\MDK-ARM\Frame_T.uvprojx
Project File Date:  09/28/2025

<h2>Output:</h2>
*** Using Compiler 'V6.24', folder: 'D:\keil5\ARM\ARMCLANG\Bin'
Rebuild target 'Frame_T'
compiling dma.c...
compiling freertos.c...
compiling stm32h7xx_hal_timebase_tim.c...
compiling fdcan.c...
compiling gpio.c...
compiling stm32h7xx_it.c...
compiling stm32h7xx_hal_msp.c...
compiling tim.c...
compiling usart.c...
compiling main.cpp...
compiling stm32h7xx_hal_tim_ex.c...
compiling stm32h7xx_hal_pcd.c...
compiling stm32h7xx_hal_pcd_ex.c...
compiling stm32h7xx_hal_rcc.c...
assembling startup_stm32h723xx.s...
compiling stm32h7xx_hal_hsem.c...
compiling stm32h7xx_hal_gpio.c...
compiling stm32h7xx_hal_flash_ex.c...
compiling stm32h7xx_ll_usb.c...
compiling stm32h7xx_hal_flash.c...
compiling stm32h7xx_hal_tim.c...
compiling stm32h7xx_hal_dma_ex.c...
compiling stm32h7xx_hal_rcc_ex.c...
compiling stm32h7xx_hal_pwr.c...
compiling stm32h7xx_hal_pwr_ex.c...
compiling stm32h7xx_hal_cortex.c...
compiling stm32h7xx_hal_mdma.c...
compiling stm32h7xx_hal_dma.c...
compiling croutine.c...
compiling stm32h7xx_hal_i2c_ex.c...
compiling stm32h7xx_hal.c...
compiling list.c...
compiling event_groups.c...
compiling system_stm32h7xx.c...
compiling stm32h7xx_hal_exti.c...
compiling stm32h7xx_hal_uart_ex.c...
compiling queue.c...
compiling heap_4.c...
compiling port.c...
compiling stream_buffer.c...
compiling timers.c...
compiling stm32h7xx_hal_fdcan.c...
compiling stm32h7xx_hal_uart.c...
compiling BSP_TimeStamp.cpp...
compiling tasks.c...
compiling BSP_fdCAN_Driver.cpp...
compiling cmsis_os2.c...
compiling stm32h7xx_hal_i2c.c...
compiling Motor_DJI.cpp...
compiling Motor_VESC.cpp...
compiling APP_tool.cpp...
compiling Module_Encoder.cpp...
compiling APP_CoordConvert.cpp...
compiling APP_PID.cpp...
compiling Setup_ConfigInit.cpp...
compiling usb_device.c...
compiling frame_demo.cpp...
compiling Module_ChassisBase.cpp...
compiling usbd_desc.c...
compiling usbd_cdc_if.c...
compiling usbd_conf.c...
compiling usbd_core.c...
compiling usbd_ioreq.c...
compiling usbd_cdc.c...
compiling usbd_ctlreq.c...
compiling UsbFrameReceiver.cpp...
linking...
Program Size: Code=65364 RO-data=1972 RW-data=460 ZI-data=29284  
FromELF: creating hex file...
"Frame_T\Frame_T.axf" - 0 Error(s), 0 Warning(s).

<h2>Software Packages used:</h2>

Package Vendor: ARM
                http://www.keil.com/pack/ARM.CMSIS.5.0.1.pack
                ARM::CMSIS@5.0.1
                CMSIS (Cortex Microcontroller Software Interface Standard)
   * Component: CORE Version: 5.0.1

Package Vendor: Keil
                https://www.keil.com/pack/Keil.STM32H7xx_DFP.4.1.3-dev.pack
                Keil::STM32H7xx_DFP@4.1.3-dev
                STMicroelectronics STM32H7 Series Device Support

<h2>Collection of Component include folders:</h2>
  ./RTE/_Frame_T
  D:/keil5/ARM/PACK/ARM/CMSIS/5.0.1/CMSIS/Include

<h2>Collection of Component Files used:</h2>

   * Component: ARM::CMSIS:CORE@5.0.1
Build Time Elapsed:  00:00:03
</pre>
</body>
</html>
